// Jest Snapshot v1, https://goo.gl/fbAQLP

exports[`Google Authenticator Verify Transformer Tests should add UI elements 1`] = `
Object {
  "data": Object {},
  "dataSchema": Object {
    "credentials.passcode": Object {
      "validate": [Function],
    },
    "fieldsToExclude": [Function],
    "fieldsToTrim": Array [],
    "fieldsToValidate": Array [],
    "submit": Object {
      "step": "challenge-authenticator",
    },
  },
  "schema": Object {},
  "uischema": Object {
    "elements": Array [
      Object {
        "options": Object {
          "content": "oie.verify.google_authenticator.otp.title",
        },
        "type": "Title",
      },
      Object {
        "contentType": "subtitle",
        "options": Object {
          "content": "oie.verify.google_authenticator.otp.description",
        },
        "type": "Description",
      },
      Object {
        "options": Object {
          "inputMeta": Object {
            "name": "credentials.passcode",
          },
        },
        "type": "Field",
      },
      Object {
        "label": "mfa.challenge.verify",
        "options": Object {
          "step": "",
          "type": "submit",
        },
        "type": "Button",
      },
    ],
    "type": "VerticalLayout",
  },
}
`;
