// Jest Snapshot v1, https://goo.gl/fbAQLP

exports[`v2/view-builder/views/keep-me-signed-in/PostAuthKeepMeSignedInView should render properly and have the correct title, subtitle and button labels 1`] = `
<div
  class="siw-main-view "
>
  <div
    class="siw-main-header"
  >
    <div />
  </div>
  <div
    class="siw-main-body"
  >
    <form
      action="/"
      class="ion-form o-form o-form-edit-mode"
      data-se="o-form"
      id="form7"
      method="POST"
      slot="content"
    >
      <div
        class="o-form-content o-form-theme clearfix"
        data-se="o-form-content"
      >
        <h2
          class="okta-form-title o-form-head"
          data-se="o-form-head"
        >
          Keep me signed in
        </h2>
        <div
          class="identifier-container"
        >
          <span
            class="identifier no-translate"
            data-se="identifier"
            title="john.doe@example.com"
          >
            john.doe@example.com
          </span>
        </div>
        <p
          class="okta-form-subtitle o-form-explain"
          data-se="o-form-explain"
        >
          Sign in and enter security methods less frequently.
        </p>
        <div
          class="o-form-info-container"
        />
        <div
          class="o-form-error-container"
          data-se="o-form-error-container"
          role="alert"
        />
        <div
          class="o-form-fieldset-container"
          data-se="o-form-fieldset-container"
        />
      </div>
      <a
        class="button button-secondary link-button"
        data-se="stay-signed-in-btn"
        href="#"
      >
        Stay signed in
      </a>
      <a
        class="button button-secondary link-button"
        data-se="do-not-stay-signed-in-btn"
        href="#"
      >
        Don't stay signed in
      </a>
      <div
        class="o-form-button-bar"
      />
    </form>
  </div>
  <div
    class="siw-main-footer"
  >
    <div
      class="auth-footer"
    />
  </div>
</div>
`;
