// Jest Snapshot v1, https://goo.gl/fbAQLP

exports[`Transform Okta Verify Totp Challenge Tests should build UI elements for OV TOTP remediation 1`] = `
Object {
  "data": Object {},
  "dataSchema": Object {
    "fieldsToExclude": [Function],
    "fieldsToTrim": Array [],
    "fieldsToValidate": Array [],
    "submit": Object {
      "step": "challenge-authenticator",
    },
  },
  "schema": Object {},
  "uischema": Object {
    "elements": Array [
      Object {
        "options": Object {
          "content": "oie.okta_verify.totp.title",
        },
        "type": "Title",
      },
      Object {
        "label": "Enter Code",
        "options": Object {
          "inputMeta": Object {
            "name": "credentials.totp",
          },
        },
        "type": "Field",
      },
      Object {
        "label": "mfa.challenge.verify",
        "options": Object {
          "step": "",
          "type": "submit",
        },
        "type": "Button",
      },
    ],
    "type": "VerticalLayout",
  },
}
`;
