// Jest Snapshot v1, https://goo.gl/fbAQLP

exports[`authenticator-verification-okta-verify-totp-only-ov should render form 1`] = `
<div>
  <div
    class="MuiScopedCssBaseline-root emotion-0"
  >
    <div
      class="MuiScopedCssBaseline-root emotion-1"
    >
      <main
        class="auth-container main-container MuiBox-root emotion-2"
        data-commit="b9bbc0140703c3fbf0e2e58920362e70"
        data-version="0.0.0"
        dir="ltr"
        id="okta-sign-in"
        lang="en"
      >
        <div
          class="MuiScopedCssBaseline-root emotion-3"
        >
          <div
            class="MuiBox-root emotion-4"
          >
            <div
              class="MuiBox-root emotion-5"
            >
              <div
                class="okta-sign-in-header auth-header authCoinSpacing MuiBox-root emotion-6"
              >
                <h1
                  class="MuiTypography-root MuiTypography-h1 emotion-7"
                />
                <div
                  aria-hidden="true"
                  class="mfa-okta-verify MuiBox-root emotion-8"
                  data-se="factor-beacon"
                >
                  <svg
                    aria-labelledby="mfa-okta-verify"
                    fill="none"
                    height="48"
                    role="img"
                    viewBox="0 0 48 48"
                    width="48"
                    xmlns="http://www.w3.org/2000/svg"
                  >
                    <title
                      id="mfa-okta-verify"
                    >
                      Okta Verify
                    </title>
                    <circle
                      class="siwFillBg"
                      cx="24"
                      cy="24"
                      fill="#F5F5F6"
                      r="24"
                    />
                    <path
                      clip-rule="evenodd"
                      d="M32.872 22.853a8.947 8.947 0 1 1-2.288-4.91L24 24.498l-3.205-3.19c-.482-.48-1.322-.48-1.804 0a1.26 1.26 0 0 0-.374.898c0 .34.133.659.374.898l4.107 4.09c.24.239.561.371.902.371.336 0 .664-.136.902-.372L38.636 13.52a18.089 18.089 0 0 0-1.634-1.967A17.947 17.947 0 0 0 24 6C14.059 6 6 14.059 6 24s8.059 18 18 18 18-8.059 18-18c0-2.972-.722-5.775-1.998-8.245l-7.13 7.098Z"
                      fill="#00297A"
                      fill-rule="evenodd"
                    />
                  </svg>
                </div>
              </div>
              <div
                class="MuiBox-root emotion-9"
              >
                <form
                  class="o-form MuiBox-root emotion-10"
                  data-se="o-form"
                  novalidate=""
                >
                  <div
                    class="MuiBox-root emotion-11"
                  >
                    <div
                      class="MuiBox-root emotion-12"
                    >
                      <div
                        class="identifier-container MuiBox-root emotion-13"
                      >
                        <div
                          class="MuiBox-root emotion-14"
                        >
                          <span
                            class="MuiBox-root emotion-15"
                          >
                            <svg
                              class="MuiSvgIcon-root MuiSvgIcon-fontSizeInherit emotion-16"
                              fill="none"
                              focusable="false"
                              role="img"
                              viewBox="0 0 24 24"
                              xmlns="http://www.w3.org/2000/svg"
                            >
                              <path
                                clip-rule="evenodd"
                                d="M15.5 6.5a3.5 3.5 0 1 1-7 0 3.5 3.5 0 0 1 7 0Zm2 0a5.5 5.5 0 1 1-11 0 5.5 5.5 0 0 1 11 0ZM5 23c0-2.357.694-4.363 1.886-5.762C8.064 15.856 9.782 15 12 15c2.215 0 3.934.862 5.113 2.25C18.307 18.652 19 20.66 19 23h2c0-2.722-.807-5.216-2.363-7.046C17.067 14.107 14.785 13 12 13c-2.782 0-5.064 1.097-6.636 2.941C3.806 17.77 3 20.263 3 23h2Z"
                                fill="currentColor"
                                fill-rule="evenodd"
                              />
                              <title>
                                User
                              </title>
                            </svg>
                          </span>
                          <span
                            aria-label="testUser@okta.com"
                            class="identifier no-translate MuiBox-root emotion-17"
                            data-se="identifier"
                            title="testUser@okta.com"
                          >
                            testUser@okta.com
                          </span>
                        </div>
                      </div>
                    </div>
                    <div
                      class="MuiBox-root emotion-12"
                    >
                      <div
                        class="MuiBox-root emotion-19"
                      >
                        <h2
                          class="MuiTypography-root MuiTypography-h4 emotion-20"
                          data-se="o-form-head"
                          id="challenge-authenticator_Title_Enter_a_code_okta_verify_auttheidkwh282hv8g3_1"
                          tabindex="-1"
                        >
                          Enter a code
                        </h2>
                      </div>
                    </div>
                    <div
                      class="MuiBox-root emotion-12"
                    >
                      <div
                        class="MuiBox-root emotion-2"
                      >
                        <label
                          class="MuiFormLabel-root MuiInputLabel-root MuiFormLabel-colorPrimary MuiInputLabel-root emotion-23"
                          data-shrink="false"
                          for="credentials.totp"
                        >
                          Enter code from Okta Verify app
                        </label>
                        <div
                          class="MuiInputBase-root MuiInputBase-colorPrimary MuiInputBase-fullWidth emotion-24"
                        >
                          <input
                            aria-invalid="false"
                            autocomplete="off"
                            class="MuiInputBase-input emotion-25"
                            data-se="credentials.totp"
                            id="credentials.totp"
                            inputmode="numeric"
                            name="credentials.totp"
                            type="text"
                          />
                        </div>
                      </div>
                    </div>
                    <div
                      class="MuiBox-root emotion-12"
                    >
                      <button
                        class="MuiButtonBase-root MuiButton-root MuiButton-primary MuiButton-primaryPrimary MuiButton-sizeMedium MuiButton-primarySizeMedium MuiButton-disableElevation MuiButton-fullWidth MuiButton-root MuiButton-primary MuiButton-primaryPrimary MuiButton-sizeMedium MuiButton-primarySizeMedium MuiButton-disableElevation MuiButton-fullWidth emotion-27"
                        data-type="save"
                        tabindex="0"
                        type="submit"
                      >
                        Verify
                      </button>
                    </div>
                    <div
                      class="MuiBox-root emotion-12"
                    >
                      <button
                        class="MuiTypography-root MuiTypography-body1 MuiLink-root MuiLink-underlineAlways MuiLink-button emotion-29"
                        data-se="switchAuthenticator"
                        role="link"
                        type="button"
                      >
                        Verify with something else
                      </button>
                    </div>
                    <div
                      class="MuiBox-root emotion-12"
                    >
                      <button
                        class="MuiTypography-root MuiTypography-body1 MuiLink-root MuiLink-underlineAlways MuiLink-button emotion-29"
                        data-se="cancel"
                        role="link"
                        type="button"
                      >
                        Back to sign in
                      </button>
                    </div>
                  </div>
                </form>
              </div>
            </div>
          </div>
        </div>
      </main>
    </div>
  </div>
</div>
`;
