// Jest Snapshot v1, https://goo.gl/fbAQLP

exports[`authenticator-expiry-warning-password should render form 1`] = `
<div>
  <div
    class="MuiScopedCssBaseline-root emotion-0"
  >
    <span>
      <main
        class="auth-container main-container mainViewContainer MuiBox-root emotion-1"
        id="generated"
      >
        <div
          class="siwContainer MuiBox-root emotion-2"
        >
          <div
            class="okta-sign-in-header auth-header siwHeader authCoinSpacing"
          >
            <h1
              class="MuiTypography-root MuiTypography-h1 emotion-3"
            />
            <div
              class="iconContainer authCoinOverlay MuiBox-root emotion-4"
            >
              <mocksvgicon />
            </div>
          </div>
          <div
            class="MuiBox-root emotion-5"
          >
            <div
              class="identifier-container MuiBox-root emotion-6"
            >
              <div
                class="identifierContainer MuiBox-root emotion-7"
              >
                <span
                  class="userIconContainer MuiBox-root emotion-4"
                >
                  <svg
                    class="ods-2icygl"
                    fill="none"
                    role="presentation"
                    viewBox="0 0 16 16"
                    xmlns="http://www.w3.org/2000/svg"
                  >
                    <path
                      clip-rule="evenodd"
                      d="M10 3V5C10 6.10457 9.10457 7 8 7C6.89543 7 6 6.10457 6 5V3C6 1.89543 6.89543 1 8 1C9.10457 1 10 1.89543 10 3ZM5 3C5 1.34315 6.34315 0 8 0C9.65685 0 11 1.34315 11 3V5C11 6.65685 9.65685 8 8 8C6.34315 8 5 6.65685 5 5V3ZM4.1305 10.0742C4.26803 10.0181 4.459 10 5.41376 10H10.5862C11.541 10 11.732 10.0181 11.8695 10.0742C12.0299 10.1398 12.1706 10.2459 12.2777 10.3821C12.3695 10.4989 12.4393 10.6776 12.7016 11.5956L13.6743 15H2.32573L3.29841 11.5956C3.5607 10.6776 3.63054 10.4989 3.72233 10.3821C3.82941 10.2459 3.97006 10.1398 4.1305 10.0742ZM13.6631 11.3209L14.7143 15L15 16H13.96H2.04002H1L1.28571 15L2.33689 11.3209C2.57458 10.489 2.69343 10.073 2.93606 9.76423C3.15022 9.49171 3.43152 9.27953 3.75239 9.14848C4.11592 9 4.54854 9 5.41376 9H10.5862C11.4515 9 11.8841 9 12.2476 9.14848C12.5685 9.27953 12.8498 9.49171 13.0639 9.76423C13.3066 10.073 13.4254 10.489 13.6631 11.3209Z"
                      fill="currentColor"
                      fill-rule="evenodd"
                    />
                  </svg>
                </span>
                <span
                  class="identifier identifierSpan MuiBox-root emotion-4"
                  data-se="identifier"
                >
                  testUser@okta.com
                </span>
              </div>
            </div>
            <form
              class="o-form"
              data-se="form"
              novalidate=""
            >
              <div
                class="MuiBox-root emotion-10"
              >
                <div
                  class="MuiBox-root emotion-11"
                >
                  <div
                    class="MuiBox-root emotion-12"
                  >
                    <h2
                      class="MuiTypography-root MuiTypography-h3 emotion-13"
                    >
                      Your password will expire in 4 days
                    </h2>
                  </div>
                </div>
                <div
                  class="MuiBox-root emotion-11"
                >
                  <div
                    class="MuiBox-root emotion-12"
                  >
                    <p
                      class="ods-4o5zYQ ods-nqMobL ods-4amLpn ods-5fvoER ods-6BF3N5 ods-7KlglL ods-6MIfC2 ods-14pjkk ods-5IIKpe ods-6iOjmZ"
                    >
                      When your password expires you will be locked out of your Okta account.
                    </p>
                  </div>
                </div>
                <div
                  class="MuiBox-root emotion-11"
                >
                  <div
                    class="MuiBox-root emotion-4"
                    data-se="password-authenticator--rules"
                  >
                    <div
                      class="MuiBox-root emotion-18"
                    >
                      <span
                        class="ods-4o5zYQ ods-nqMobL ods-5fvoER ods-6BF3N5 ods-7KlglL ods-6MIfC2 ods-14pjkk ods-5IIKpe ods-6iOjmZ"
                      >
                        Password requirements:
                      </span>
                    </div>
                    <ul
                      class="ods-4o5zYQ ods-2oc5SK ods-4XAbls ods-2NLKpK ods-1ll9ky ods-4IdjLs ods-3ih812"
                      id="generated"
                    >
                      <li
                        class="ods-5vIIsH"
                      >
                        <div
                          class="MuiBox-root emotion-4"
                        >
                          <div
                            class="passwordRequirementIcon info MuiBox-root emotion-20"
                          >
                            <svg
                              aria-labelledby="generated"
                              class="ods-2icygl"
                              fill="none"
                              role="img"
                              viewBox="0 0 16 16"
                              xmlns="http://www.w3.org/2000/svg"
                            >
                              <title
                                id="generated"
                              >
                                info
                              </title>
                              <path
                                clip-rule="evenodd"
                                d="M16 8C16 12.4183 12.4183 16 8 16C3.58172 16 0 12.4183 0 8C0 3.58172 3.58172 0 8 0C12.4183 0 16 3.58172 16 8ZM8 5.5C8.14834 5.5 8.29334 5.45601 8.41668 5.3736C8.54001 5.29119 8.63614 5.17406 8.69291 5.03701C8.74968 4.89997 8.76453 4.74917 8.73559 4.60368C8.70665 4.4582 8.63522 4.32456 8.53033 4.21967C8.42544 4.11478 8.2918 4.04335 8.14632 4.01441C8.00083 3.98547 7.85003 4.00033 7.71299 4.05709C7.57594 4.11386 7.45881 4.20999 7.3764 4.33332C7.29399 4.45666 7.25 4.60166 7.25 4.75C7.25 4.94891 7.32902 5.13968 7.46967 5.28033C7.61032 5.42098 7.80109 5.5 8 5.5ZM8 7C8.27614 7 8.5 7.22386 8.5 7.5V12H7.5V7.5C7.5 7.22386 7.72386 7 8 7Z"
                                fill="currentColor"
                                fill-rule="evenodd"
                              />
                            </svg>
                          </div>
                          <span
                            class="MuiBox-root emotion-4"
                          >
                            At least 8 characters
                          </span>
                        </div>
                      </li>
                      <li
                        class="ods-5vIIsH"
                      >
                        <div
                          class="MuiBox-root emotion-4"
                        >
                          <div
                            class="passwordRequirementIcon info MuiBox-root emotion-20"
                          >
                            <svg
                              aria-labelledby="generated"
                              class="ods-2icygl"
                              fill="none"
                              role="img"
                              viewBox="0 0 16 16"
                              xmlns="http://www.w3.org/2000/svg"
                            >
                              <title
                                id="generated"
                              >
                                info
                              </title>
                              <path
                                clip-rule="evenodd"
                                d="M16 8C16 12.4183 12.4183 16 8 16C3.58172 16 0 12.4183 0 8C0 3.58172 3.58172 0 8 0C12.4183 0 16 3.58172 16 8ZM8 5.5C8.14834 5.5 8.29334 5.45601 8.41668 5.3736C8.54001 5.29119 8.63614 5.17406 8.69291 5.03701C8.74968 4.89997 8.76453 4.74917 8.73559 4.60368C8.70665 4.4582 8.63522 4.32456 8.53033 4.21967C8.42544 4.11478 8.2918 4.04335 8.14632 4.01441C8.00083 3.98547 7.85003 4.00033 7.71299 4.05709C7.57594 4.11386 7.45881 4.20999 7.3764 4.33332C7.29399 4.45666 7.25 4.60166 7.25 4.75C7.25 4.94891 7.32902 5.13968 7.46967 5.28033C7.61032 5.42098 7.80109 5.5 8 5.5ZM8 7C8.27614 7 8.5 7.22386 8.5 7.5V12H7.5V7.5C7.5 7.22386 7.72386 7 8 7Z"
                                fill="currentColor"
                                fill-rule="evenodd"
                              />
                            </svg>
                          </div>
                          <span
                            class="MuiBox-root emotion-4"
                          >
                            A lowercase letter
                          </span>
                        </div>
                      </li>
                      <li
                        class="ods-5vIIsH"
                      >
                        <div
                          class="MuiBox-root emotion-4"
                        >
                          <div
                            class="passwordRequirementIcon info MuiBox-root emotion-20"
                          >
                            <svg
                              aria-labelledby="generated"
                              class="ods-2icygl"
                              fill="none"
                              role="img"
                              viewBox="0 0 16 16"
                              xmlns="http://www.w3.org/2000/svg"
                            >
                              <title
                                id="generated"
                              >
                                info
                              </title>
                              <path
                                clip-rule="evenodd"
                                d="M16 8C16 12.4183 12.4183 16 8 16C3.58172 16 0 12.4183 0 8C0 3.58172 3.58172 0 8 0C12.4183 0 16 3.58172 16 8ZM8 5.5C8.14834 5.5 8.29334 5.45601 8.41668 5.3736C8.54001 5.29119 8.63614 5.17406 8.69291 5.03701C8.74968 4.89997 8.76453 4.74917 8.73559 4.60368C8.70665 4.4582 8.63522 4.32456 8.53033 4.21967C8.42544 4.11478 8.2918 4.04335 8.14632 4.01441C8.00083 3.98547 7.85003 4.00033 7.71299 4.05709C7.57594 4.11386 7.45881 4.20999 7.3764 4.33332C7.29399 4.45666 7.25 4.60166 7.25 4.75C7.25 4.94891 7.32902 5.13968 7.46967 5.28033C7.61032 5.42098 7.80109 5.5 8 5.5ZM8 7C8.27614 7 8.5 7.22386 8.5 7.5V12H7.5V7.5C7.5 7.22386 7.72386 7 8 7Z"
                                fill="currentColor"
                                fill-rule="evenodd"
                              />
                            </svg>
                          </div>
                          <span
                            class="MuiBox-root emotion-4"
                          >
                            An uppercase letter
                          </span>
                        </div>
                      </li>
                      <li
                        class="ods-5vIIsH"
                      >
                        <div
                          class="MuiBox-root emotion-4"
                        >
                          <div
                            class="passwordRequirementIcon info MuiBox-root emotion-20"
                          >
                            <svg
                              aria-labelledby="generated"
                              class="ods-2icygl"
                              fill="none"
                              role="img"
                              viewBox="0 0 16 16"
                              xmlns="http://www.w3.org/2000/svg"
                            >
                              <title
                                id="generated"
                              >
                                info
                              </title>
                              <path
                                clip-rule="evenodd"
                                d="M16 8C16 12.4183 12.4183 16 8 16C3.58172 16 0 12.4183 0 8C0 3.58172 3.58172 0 8 0C12.4183 0 16 3.58172 16 8ZM8 5.5C8.14834 5.5 8.29334 5.45601 8.41668 5.3736C8.54001 5.29119 8.63614 5.17406 8.69291 5.03701C8.74968 4.89997 8.76453 4.74917 8.73559 4.60368C8.70665 4.4582 8.63522 4.32456 8.53033 4.21967C8.42544 4.11478 8.2918 4.04335 8.14632 4.01441C8.00083 3.98547 7.85003 4.00033 7.71299 4.05709C7.57594 4.11386 7.45881 4.20999 7.3764 4.33332C7.29399 4.45666 7.25 4.60166 7.25 4.75C7.25 4.94891 7.32902 5.13968 7.46967 5.28033C7.61032 5.42098 7.80109 5.5 8 5.5ZM8 7C8.27614 7 8.5 7.22386 8.5 7.5V12H7.5V7.5C7.5 7.22386 7.72386 7 8 7Z"
                                fill="currentColor"
                                fill-rule="evenodd"
                              />
                            </svg>
                          </div>
                          <span
                            class="MuiBox-root emotion-4"
                          >
                            A number
                          </span>
                        </div>
                      </li>
                      <li
                        class="ods-5vIIsH"
                      >
                        <div
                          class="MuiBox-root emotion-4"
                        >
                          <div
                            class="passwordRequirementIcon info MuiBox-root emotion-20"
                          >
                            <svg
                              aria-labelledby="generated"
                              class="ods-2icygl"
                              fill="none"
                              role="img"
                              viewBox="0 0 16 16"
                              xmlns="http://www.w3.org/2000/svg"
                            >
                              <title
                                id="generated"
                              >
                                info
                              </title>
                              <path
                                clip-rule="evenodd"
                                d="M16 8C16 12.4183 12.4183 16 8 16C3.58172 16 0 12.4183 0 8C0 3.58172 3.58172 0 8 0C12.4183 0 16 3.58172 16 8ZM8 5.5C8.14834 5.5 8.29334 5.45601 8.41668 5.3736C8.54001 5.29119 8.63614 5.17406 8.69291 5.03701C8.74968 4.89997 8.76453 4.74917 8.73559 4.60368C8.70665 4.4582 8.63522 4.32456 8.53033 4.21967C8.42544 4.11478 8.2918 4.04335 8.14632 4.01441C8.00083 3.98547 7.85003 4.00033 7.71299 4.05709C7.57594 4.11386 7.45881 4.20999 7.3764 4.33332C7.29399 4.45666 7.25 4.60166 7.25 4.75C7.25 4.94891 7.32902 5.13968 7.46967 5.28033C7.61032 5.42098 7.80109 5.5 8 5.5ZM8 7C8.27614 7 8.5 7.22386 8.5 7.5V12H7.5V7.5C7.5 7.22386 7.72386 7 8 7Z"
                                fill="currentColor"
                                fill-rule="evenodd"
                              />
                            </svg>
                          </div>
                          <span
                            class="MuiBox-root emotion-4"
                          >
                            A symbol
                          </span>
                        </div>
                      </li>
                      <li
                        class="ods-5vIIsH"
                      >
                        <div
                          class="MuiBox-root emotion-4"
                        >
                          <div
                            class="passwordRequirementIcon info MuiBox-root emotion-20"
                          >
                            <svg
                              aria-labelledby="generated"
                              class="ods-2icygl"
                              fill="none"
                              role="img"
                              viewBox="0 0 16 16"
                              xmlns="http://www.w3.org/2000/svg"
                            >
                              <title
                                id="generated"
                              >
                                info
                              </title>
                              <path
                                clip-rule="evenodd"
                                d="M16 8C16 12.4183 12.4183 16 8 16C3.58172 16 0 12.4183 0 8C0 3.58172 3.58172 0 8 0C12.4183 0 16 3.58172 16 8ZM8 5.5C8.14834 5.5 8.29334 5.45601 8.41668 5.3736C8.54001 5.29119 8.63614 5.17406 8.69291 5.03701C8.74968 4.89997 8.76453 4.74917 8.73559 4.60368C8.70665 4.4582 8.63522 4.32456 8.53033 4.21967C8.42544 4.11478 8.2918 4.04335 8.14632 4.01441C8.00083 3.98547 7.85003 4.00033 7.71299 4.05709C7.57594 4.11386 7.45881 4.20999 7.3764 4.33332C7.29399 4.45666 7.25 4.60166 7.25 4.75C7.25 4.94891 7.32902 5.13968 7.46967 5.28033C7.61032 5.42098 7.80109 5.5 8 5.5ZM8 7C8.27614 7 8.5 7.22386 8.5 7.5V12H7.5V7.5C7.5 7.22386 7.72386 7 8 7Z"
                                fill="currentColor"
                                fill-rule="evenodd"
                              />
                            </svg>
                          </div>
                          <span
                            class="MuiBox-root emotion-4"
                          >
                            No parts of your username
                          </span>
                        </div>
                      </li>
                      <li
                        class="ods-5vIIsH"
                      >
                        <div
                          class="MuiBox-root emotion-4"
                        >
                          <div
                            class="passwordRequirementIcon info MuiBox-root emotion-20"
                          >
                            <svg
                              aria-labelledby="generated"
                              class="ods-2icygl"
                              fill="none"
                              role="img"
                              viewBox="0 0 16 16"
                              xmlns="http://www.w3.org/2000/svg"
                            >
                              <title
                                id="generated"
                              >
                                info
                              </title>
                              <path
                                clip-rule="evenodd"
                                d="M16 8C16 12.4183 12.4183 16 8 16C3.58172 16 0 12.4183 0 8C0 3.58172 3.58172 0 8 0C12.4183 0 16 3.58172 16 8ZM8 5.5C8.14834 5.5 8.29334 5.45601 8.41668 5.3736C8.54001 5.29119 8.63614 5.17406 8.69291 5.03701C8.74968 4.89997 8.76453 4.74917 8.73559 4.60368C8.70665 4.4582 8.63522 4.32456 8.53033 4.21967C8.42544 4.11478 8.2918 4.04335 8.14632 4.01441C8.00083 3.98547 7.85003 4.00033 7.71299 4.05709C7.57594 4.11386 7.45881 4.20999 7.3764 4.33332C7.29399 4.45666 7.25 4.60166 7.25 4.75C7.25 4.94891 7.32902 5.13968 7.46967 5.28033C7.61032 5.42098 7.80109 5.5 8 5.5ZM8 7C8.27614 7 8.5 7.22386 8.5 7.5V12H7.5V7.5C7.5 7.22386 7.72386 7 8 7Z"
                                fill="currentColor"
                                fill-rule="evenodd"
                              />
                            </svg>
                          </div>
                          <span
                            class="MuiBox-root emotion-4"
                          >
                            Does not include your first name
                          </span>
                        </div>
                      </li>
                      <li
                        class="ods-5vIIsH"
                      >
                        <div
                          class="MuiBox-root emotion-4"
                        >
                          <div
                            class="passwordRequirementIcon info MuiBox-root emotion-20"
                          >
                            <svg
                              aria-labelledby="generated"
                              class="ods-2icygl"
                              fill="none"
                              role="img"
                              viewBox="0 0 16 16"
                              xmlns="http://www.w3.org/2000/svg"
                            >
                              <title
                                id="generated"
                              >
                                info
                              </title>
                              <path
                                clip-rule="evenodd"
                                d="M16 8C16 12.4183 12.4183 16 8 16C3.58172 16 0 12.4183 0 8C0 3.58172 3.58172 0 8 0C12.4183 0 16 3.58172 16 8ZM8 5.5C8.14834 5.5 8.29334 5.45601 8.41668 5.3736C8.54001 5.29119 8.63614 5.17406 8.69291 5.03701C8.74968 4.89997 8.76453 4.74917 8.73559 4.60368C8.70665 4.4582 8.63522 4.32456 8.53033 4.21967C8.42544 4.11478 8.2918 4.04335 8.14632 4.01441C8.00083 3.98547 7.85003 4.00033 7.71299 4.05709C7.57594 4.11386 7.45881 4.20999 7.3764 4.33332C7.29399 4.45666 7.25 4.60166 7.25 4.75C7.25 4.94891 7.32902 5.13968 7.46967 5.28033C7.61032 5.42098 7.80109 5.5 8 5.5ZM8 7C8.27614 7 8.5 7.22386 8.5 7.5V12H7.5V7.5C7.5 7.22386 7.72386 7 8 7Z"
                                fill="currentColor"
                                fill-rule="evenodd"
                              />
                            </svg>
                          </div>
                          <span
                            class="MuiBox-root emotion-4"
                          >
                            Does not include your last name
                          </span>
                        </div>
                      </li>
                      <li
                        class="ods-5vIIsH"
                      >
                        <div
                          class="MuiBox-root emotion-4"
                        >
                          <div
                            class="passwordRequirementIcon info MuiBox-root emotion-20"
                          >
                            <svg
                              aria-labelledby="generated"
                              class="ods-2icygl"
                              fill="none"
                              role="img"
                              viewBox="0 0 16 16"
                              xmlns="http://www.w3.org/2000/svg"
                            >
                              <title
                                id="generated"
                              >
                                info
                              </title>
                              <path
                                clip-rule="evenodd"
                                d="M16 8C16 12.4183 12.4183 16 8 16C3.58172 16 0 12.4183 0 8C0 3.58172 3.58172 0 8 0C12.4183 0 16 3.58172 16 8ZM8 5.5C8.14834 5.5 8.29334 5.45601 8.41668 5.3736C8.54001 5.29119 8.63614 5.17406 8.69291 5.03701C8.74968 4.89997 8.76453 4.74917 8.73559 4.60368C8.70665 4.4582 8.63522 4.32456 8.53033 4.21967C8.42544 4.11478 8.2918 4.04335 8.14632 4.01441C8.00083 3.98547 7.85003 4.00033 7.71299 4.05709C7.57594 4.11386 7.45881 4.20999 7.3764 4.33332C7.29399 4.45666 7.25 4.60166 7.25 4.75C7.25 4.94891 7.32902 5.13968 7.46967 5.28033C7.61032 5.42098 7.80109 5.5 8 5.5ZM8 7C8.27614 7 8.5 7.22386 8.5 7.5V12H7.5V7.5C7.5 7.22386 7.72386 7 8 7Z"
                                fill="currentColor"
                                fill-rule="evenodd"
                              />
                            </svg>
                          </div>
                          <span
                            class="MuiBox-root emotion-4"
                          >
                            Your password cannot be any of your last 4 passwords
                          </span>
                        </div>
                      </li>
                    </ul>
                  </div>
                </div>
                <div
                  class="MuiBox-root emotion-11"
                >
                  <div
                    class="MuiBox-root emotion-4"
                  >
                    <div
                      class="MuiBox-root emotion-11"
                    >
                      <div
                        class="MuiBox-root emotion-4"
                      >
                        <div
                          class="MuiBox-root emotion-4"
                        >
                          <label
                            class="MuiInputLabel-root MuiFormLabel-root MuiFormLabel-colorPrimary emotion-51"
                            for="credentials.passcode"
                          >
                            New password
                          </label>
                          <div
                            class="MuiOutlinedInput-root MuiInputBase-root MuiInputBase-colorPrimary MuiInputBase-fullWidth MuiInputBase-adornedEnd emotion-52"
                          >
                            <input
                              aria-invalid="false"
                              autocomplete="new-password"
                              class="MuiOutlinedInput-input MuiInputBase-input MuiInputBase-inputAdornedEnd emotion-53"
                              data-se="credentials.passcode"
                              id="generated"
                              name="credentials.passcode"
                              type="password"
                            />
                            <div
                              class="MuiInputAdornment-root MuiInputAdornment-positionEnd MuiInputAdornment-outlined emotion-54"
                            >
                              <button
                                aria-label="toggle password visibility"
                                class="MuiButtonBase-root MuiIconButton-root MuiIconButton-edgeEnd MuiIconButton-sizeMedium emotion-55"
                                data-mui-internal-clone-element="true"
                                tabindex="0"
                                type="button"
                              >
                                <svg
                                  aria-hidden="true"
                                  class="MuiSvgIcon-root MuiSvgIcon-fontSizeMedium emotion-56"
                                  data-testid="VisibilityIcon"
                                  focusable="false"
                                  viewBox="0 0 24 24"
                                >
                                  <path
                                    d="M12 4.5C7 4.5 2.73 7.61 1 12c1.73 4.39 6 7.5 11 7.5s9.27-3.11 11-7.5c-1.73-4.39-6-7.5-11-7.5zM12 17c-2.76 0-5-2.24-5-5s2.24-5 5-5 5 2.24 5 5-2.24 5-5 5zm0-8c-1.66 0-3 1.34-3 3s1.34 3 3 3 3-1.34 3-3-1.34-3-3-3z"
                                  />
                                </svg>
                              </button>
                            </div>
                            <fieldset
                              aria-hidden="true"
                              class="MuiOutlinedInput-notchedOutline emotion-57"
                            >
                              <legend
                                class="emotion-58"
                              >
                                <span
                                  class="notranslate"
                                >
                                  ​
                                </span>
                              </legend>
                            </fieldset>
                          </div>
                        </div>
                      </div>
                    </div>
                    <div
                      class="MuiBox-root emotion-4"
                    >
                      <div
                        class="MuiBox-root emotion-4"
                      >
                        <label
                          class="MuiInputLabel-root MuiFormLabel-root MuiFormLabel-colorPrimary emotion-51"
                          for="confirmPassword"
                        >
                          Re-enter password
                        </label>
                        <div
                          class="MuiOutlinedInput-root MuiInputBase-root MuiInputBase-colorPrimary MuiInputBase-fullWidth MuiInputBase-adornedEnd emotion-52"
                        >
                          <input
                            aria-invalid="false"
                            autocomplete="new-password"
                            class="MuiOutlinedInput-input MuiInputBase-input MuiInputBase-inputAdornedEnd emotion-53"
                            data-se="confirmPassword"
                            id="generated"
                            name="confirmPassword"
                            type="password"
                          />
                          <div
                            class="MuiInputAdornment-root MuiInputAdornment-positionEnd MuiInputAdornment-outlined emotion-54"
                          >
                            <button
                              aria-label="toggle password visibility"
                              class="MuiButtonBase-root MuiIconButton-root MuiIconButton-edgeEnd MuiIconButton-sizeMedium emotion-55"
                              data-mui-internal-clone-element="true"
                              tabindex="0"
                              type="button"
                            >
                              <svg
                                aria-hidden="true"
                                class="MuiSvgIcon-root MuiSvgIcon-fontSizeMedium emotion-56"
                                data-testid="VisibilityIcon"
                                focusable="false"
                                viewBox="0 0 24 24"
                              >
                                <path
                                  d="M12 4.5C7 4.5 2.73 7.61 1 12c1.73 4.39 6 7.5 11 7.5s9.27-3.11 11-7.5c-1.73-4.39-6-7.5-11-7.5zM12 17c-2.76 0-5-2.24-5-5s2.24-5 5-5 5 2.24 5 5-2.24 5-5 5zm0-8c-1.66 0-3 1.34-3 3s1.34 3 3 3 3-1.34 3-3-1.34-3-3-3z"
                                />
                              </svg>
                            </button>
                          </div>
                          <fieldset
                            aria-hidden="true"
                            class="MuiOutlinedInput-notchedOutline emotion-57"
                          >
                            <legend
                              class="emotion-58"
                            >
                              <span
                                class="notranslate"
                              >
                                ​
                              </span>
                            </legend>
                          </fieldset>
                        </div>
                      </div>
                    </div>
                  </div>
                </div>
                <div
                  class="MuiBox-root emotion-11"
                >
                  <button
                    class="MuiButton-root MuiButton-primary MuiButton-primaryPrimary MuiButton-sizeMedium MuiButton-primarySizeMedium MuiButton-disableElevation MuiButton-fullWidth MuiButtonBase-root  emotion-70"
                    data-type="save"
                    tabindex="0"
                    type="submit"
                  >
                    Change Password
                  </button>
                </div>
                <div
                  class="MuiBox-root emotion-11"
                >
                  <button
                    class="MuiButton-root MuiButton-floating MuiButton-floatingPrimary MuiButton-sizeMedium MuiButton-floatingSizeMedium MuiButton-disableElevation MuiButtonBase-root  emotion-72"
                    tabindex="0"
                    type="button"
                  >
                    Remind me later
                  </button>
                </div>
                <div
                  class="MuiBox-root emotion-11"
                >
                  <div
                    class="MuiBox-root emotion-74"
                  >
                    <a
                      class="MuiTypography-root MuiTypography-inherit MuiLink-root MuiLink-underlineAlways emotion-75"
                      data-se="cancel"
                      href="javascript:void(0)"
                    >
                      Back to sign in
                    </a>
                  </div>
                </div>
              </div>
            </form>
          </div>
        </div>
      </main>
    </span>
  </div>
</div>
`;
