// Jest Snapshot v1, https://goo.gl/fbAQLP

exports[`authenticator-verification-select-authenticator renders form 1`] = `
<div>
  <div
    class="MuiScopedCssBaseline-root emotion-0"
  >
    <span>
      <main
        class="auth-container main-container mainViewContainer MuiBox-root emotion-1"
        id="okta-sign-in"
      >
        <div
          class="siwContainer MuiBox-root emotion-2"
        >
          <div
            class="okta-sign-in-header auth-header siwHeader"
          >
            <h1
              class="MuiTypography-root MuiTypography-h1 emotion-3"
            />
          </div>
          <div
            class="MuiBox-root emotion-4"
          >
            <div
              class="identifier-container MuiBox-root emotion-5"
            >
              <div
                class="identifierContainer MuiBox-root emotion-6"
              >
                <span
                  class="userIconContainer MuiBox-root emotion-7"
                >
                  <svg
                    class="ods-2icygl"
                    fill="none"
                    role="presentation"
                    viewBox="0 0 16 16"
                    xmlns="http://www.w3.org/2000/svg"
                  >
                    <path
                      clip-rule="evenodd"
                      d="M10 3V5C10 6.10457 9.10457 7 8 7C6.89543 7 6 6.10457 6 5V3C6 1.89543 6.89543 1 8 1C9.10457 1 10 1.89543 10 3ZM5 3C5 1.34315 6.34315 0 8 0C9.65685 0 11 1.34315 11 3V5C11 6.65685 9.65685 8 8 8C6.34315 8 5 6.65685 5 5V3ZM4.1305 10.0742C4.26803 10.0181 4.459 10 5.41376 10H10.5862C11.541 10 11.732 10.0181 11.8695 10.0742C12.0299 10.1398 12.1706 10.2459 12.2777 10.3821C12.3695 10.4989 12.4393 10.6776 12.7016 11.5956L13.6743 15H2.32573L3.29841 11.5956C3.5607 10.6776 3.63054 10.4989 3.72233 10.3821C3.82941 10.2459 3.97006 10.1398 4.1305 10.0742ZM13.6631 11.3209L14.7143 15L15 16H13.96H2.04002H1L1.28571 15L2.33689 11.3209C2.57458 10.489 2.69343 10.073 2.93606 9.76423C3.15022 9.49171 3.43152 9.27953 3.75239 9.14848C4.11592 9 4.54854 9 5.41376 9H10.5862C11.4515 9 11.8841 9 12.2476 9.14848C12.5685 9.27953 12.8498 9.49171 13.0639 9.76423C13.3066 10.073 13.4254 10.489 13.6631 11.3209Z"
                      fill="currentColor"
                      fill-rule="evenodd"
                    />
                  </svg>
                </span>
                <span
                  class="identifier identifierSpan MuiBox-root emotion-7"
                  data-se="identifier"
                >
                  testUser@okta.com
                </span>
              </div>
            </div>
            <form
              class="o-form"
              data-se="form"
              novalidate=""
            >
              <div
                class="MuiBox-root emotion-9"
              >
                <div
                  class="MuiBox-root emotion-10"
                >
                  <div
                    class="MuiBox-root emotion-11"
                  >
                    <h2
                      class="MuiTypography-root MuiTypography-h3 emotion-12"
                    >
                      Verify it's you with a security method
                    </h2>
                  </div>
                </div>
                <div
                  class="MuiBox-root emotion-10"
                >
                  <div
                    class="MuiBox-root emotion-11"
                  >
                    <p
                      class="ods-4o5zYQ ods-nqMobL ods-4amLpn ods-5fvoER ods-6BF3N5 ods-7KlglL ods-6MIfC2 ods-14pjkk ods-5IIKpe ods-6iOjmZ"
                    >
                      Select from the following options
                    </p>
                  </div>
                </div>
                <div
                  class="MuiBox-root emotion-10"
                >
                  <div
                    class="authButton MuiBox-root emotion-16"
                    role="button"
                    tabindex="0"
                  >
                    <div
                      class="iconContainer MuiBox-root emotion-7"
                    >
                      <mocksvgicon />
                    </div>
                    <div
                      class="infoSection MuiBox-root emotion-7"
                    >
                      <div
                        class="title MuiBox-root emotion-7"
                      >
                        Password
                      </div>
                      <div
                        class="actionName MuiBox-root emotion-7"
                        data-se="okta_password-password"
                      >
                        Select
                        <mocksvgicon />
                      </div>
                    </div>
                  </div>
                </div>
                <div
                  class="MuiBox-root emotion-10"
                >
                  <div
                    class="authButton MuiBox-root emotion-16"
                    role="button"
                    tabindex="0"
                  >
                    <div
                      class="iconContainer MuiBox-root emotion-7"
                    >
                      <mocksvgicon />
                    </div>
                    <div
                      class="infoSection MuiBox-root emotion-7"
                    >
                      <div
                        class="title MuiBox-root emotion-7"
                      >
                        Security Key or Biometric Authenticator
                      </div>
                      <div
                        class="actionName MuiBox-root emotion-7"
                        data-se="webauthn-webauthn"
                      >
                        Select
                        <mocksvgicon />
                      </div>
                    </div>
                  </div>
                </div>
                <div
                  class="MuiBox-root emotion-10"
                >
                  <div
                    class="authButton MuiBox-root emotion-16"
                    role="button"
                    tabindex="0"
                  >
                    <div
                      class="iconContainer MuiBox-root emotion-7"
                    >
                      <mocksvgicon />
                    </div>
                    <div
                      class="infoSection MuiBox-root emotion-7"
                    >
                      <div
                        class="title MuiBox-root emotion-7"
                      >
                        Security Key or Biometric Authenticator
                      </div>
                      <div
                        class="actionName MuiBox-root emotion-7"
                        data-se="webauthn-webauthn"
                      >
                        Select
                        <mocksvgicon />
                      </div>
                    </div>
                  </div>
                </div>
                <div
                  class="MuiBox-root emotion-10"
                >
                  <div
                    class="authButton MuiBox-root emotion-16"
                    role="button"
                    tabindex="0"
                  >
                    <div
                      class="iconContainer MuiBox-root emotion-7"
                    >
                      <mocksvgicon />
                    </div>
                    <div
                      class="infoSection MuiBox-root emotion-7"
                    >
                      <div
                        class="title MuiBox-root emotion-7"
                      >
                        Email
                      </div>
                      <div
                        class="actionName MuiBox-root emotion-7"
                        data-se="okta_email-email"
                      >
                        Select
                        <mocksvgicon />
                      </div>
                    </div>
                  </div>
                </div>
                <div
                  class="MuiBox-root emotion-10"
                >
                  <div
                    class="authButton MuiBox-root emotion-16"
                    role="button"
                    tabindex="0"
                  >
                    <div
                      class="iconContainer MuiBox-root emotion-7"
                    >
                      <mocksvgicon />
                    </div>
                    <div
                      class="infoSection MuiBox-root emotion-7"
                    >
                      <div
                        class="title MuiBox-root emotion-7"
                      >
                        Phone
                      </div>
                      <div
                        class="description MuiBox-root emotion-7"
                      >
                        +1 XXX-XXX-5309
                      </div>
                      <div
                        class="actionName MuiBox-root emotion-7"
                        data-se="phone_number"
                      >
                        Select
                        <mocksvgicon />
                      </div>
                    </div>
                  </div>
                </div>
                <div
                  class="MuiBox-root emotion-10"
                >
                  <div
                    class="authButton MuiBox-root emotion-16"
                    role="button"
                    tabindex="0"
                  >
                    <div
                      class="iconContainer MuiBox-root emotion-7"
                    >
                      <mocksvgicon />
                    </div>
                    <div
                      class="infoSection MuiBox-root emotion-7"
                    >
                      <div
                        class="title MuiBox-root emotion-7"
                      >
                        Phone
                      </div>
                      <div
                        class="description MuiBox-root emotion-7"
                      >
                        +1 XXX-XXX-5309
                      </div>
                      <div
                        class="actionName MuiBox-root emotion-7"
                        data-se="phone_number"
                      >
                        Select
                        <mocksvgicon />
                      </div>
                    </div>
                  </div>
                </div>
                <div
                  class="MuiBox-root emotion-10"
                >
                  <div
                    class="authButton MuiBox-root emotion-16"
                    role="button"
                    tabindex="0"
                  >
                    <div
                      class="iconContainer MuiBox-root emotion-7"
                    >
                      <mocksvgicon />
                    </div>
                    <div
                      class="infoSection MuiBox-root emotion-7"
                    >
                      <div
                        class="title MuiBox-root emotion-7"
                      >
                        Security Question
                      </div>
                      <div
                        class="actionName MuiBox-root emotion-7"
                        data-se="security_question"
                      >
                        Select
                        <mocksvgicon />
                      </div>
                    </div>
                  </div>
                </div>
                <div
                  class="MuiBox-root emotion-10"
                >
                  <div
                    class="authButton MuiBox-root emotion-16"
                    role="button"
                    tabindex="0"
                  >
                    <div
                      class="iconContainer MuiBox-root emotion-7"
                    >
                      <mocksvgicon />
                    </div>
                    <div
                      class="infoSection MuiBox-root emotion-7"
                    >
                      <div
                        class="title MuiBox-root emotion-7"
                      >
                        Use Okta FastPass
                      </div>
                      <div
                        class="description MuiBox-root emotion-7"
                      >
                        Okta Verify
                      </div>
                      <div
                        class="actionName MuiBox-root emotion-7"
                        data-se="okta_verify-signed_nonce"
                      >
                        Select
                        <mocksvgicon />
                      </div>
                    </div>
                  </div>
                </div>
                <div
                  class="MuiBox-root emotion-10"
                >
                  <div
                    class="authButton MuiBox-root emotion-16"
                    role="button"
                    tabindex="0"
                  >
                    <div
                      class="iconContainer MuiBox-root emotion-7"
                    >
                      <mocksvgicon />
                    </div>
                    <div
                      class="infoSection MuiBox-root emotion-7"
                    >
                      <div
                        class="title MuiBox-root emotion-7"
                      >
                        Google Authenticator
                      </div>
                      <div
                        class="actionName MuiBox-root emotion-7"
                        data-se="google_otp"
                      >
                        Select
                        <mocksvgicon />
                      </div>
                    </div>
                  </div>
                </div>
                <div
                  class="MuiBox-root emotion-10"
                >
                  <div
                    class="authButton MuiBox-root emotion-16"
                    role="button"
                    tabindex="0"
                  >
                    <div
                      class="iconContainer MuiBox-root emotion-7"
                    >
                      <mocksvgicon />
                    </div>
                    <div
                      class="infoSection MuiBox-root emotion-7"
                    >
                      <div
                        class="title MuiBox-root emotion-7"
                      >
                        Atko Custom On-prem
                      </div>
                      <div
                        class="actionName MuiBox-root emotion-7"
                        data-se="onprem_mfa"
                      >
                        Select
                        <mocksvgicon />
                      </div>
                    </div>
                  </div>
                </div>
                <div
                  class="MuiBox-root emotion-10"
                >
                  <div
                    class="authButton MuiBox-root emotion-16"
                    role="button"
                    tabindex="0"
                  >
                    <div
                      class="iconContainer MuiBox-root emotion-7"
                    >
                      <mocksvgicon />
                    </div>
                    <div
                      class="infoSection MuiBox-root emotion-7"
                    >
                      <div
                        class="title MuiBox-root emotion-7"
                      >
                        RSA SecurID
                      </div>
                      <div
                        class="actionName MuiBox-root emotion-7"
                        data-se="rsa_token"
                      >
                        Select
                        <mocksvgicon />
                      </div>
                    </div>
                  </div>
                </div>
                <div
                  class="MuiBox-root emotion-10"
                >
                  <div
                    class="authButton MuiBox-root emotion-16"
                    role="button"
                    tabindex="0"
                  >
                    <div
                      class="iconContainer MuiBox-root emotion-7"
                    >
                      <mocksvgicon />
                    </div>
                    <div
                      class="infoSection MuiBox-root emotion-7"
                    >
                      <div
                        class="title MuiBox-root emotion-7"
                      >
                        Duo Security
                      </div>
                      <div
                        class="actionName MuiBox-root emotion-7"
                        data-se="duo-idp"
                      >
                        Select
                        <mocksvgicon />
                      </div>
                    </div>
                  </div>
                </div>
                <div
                  class="MuiBox-root emotion-10"
                >
                  <div
                    class="authButton MuiBox-root emotion-16"
                    role="button"
                    tabindex="0"
                  >
                    <div
                      class="iconContainer MuiBox-root emotion-7"
                    >
                      <mocksvgicon />
                    </div>
                    <div
                      class="infoSection MuiBox-root emotion-7"
                    >
                      <div
                        class="title MuiBox-root emotion-7"
                      >
                        IDP Authenticator
                      </div>
                      <div
                        class="actionName MuiBox-root emotion-7"
                        data-se="external_idp"
                      >
                        Select
                        <mocksvgicon />
                      </div>
                    </div>
                  </div>
                </div>
                <div
                  class="MuiBox-root emotion-10"
                >
                  <div
                    class="authButton MuiBox-root emotion-16"
                    role="button"
                    tabindex="0"
                  >
                    <div
                      class="iconContainer MuiBox-root emotion-7"
                    >
                      <mocksvgicon />
                    </div>
                    <div
                      class="infoSection MuiBox-root emotion-7"
                    >
                      <div
                        class="title MuiBox-root emotion-7"
                      >
                        Atko Custom OTP Authenticator
                      </div>
                      <div
                        class="actionName MuiBox-root emotion-7"
                        data-se="custom_otp-idp"
                      >
                        Select
                        <mocksvgicon />
                      </div>
                    </div>
                  </div>
                </div>
                <div
                  class="MuiBox-root emotion-10"
                >
                  <div
                    class="authButton MuiBox-root emotion-16"
                    role="button"
                    tabindex="0"
                  >
                    <div
                      class="iconContainer MuiBox-root emotion-7"
                    >
                      <mocksvgicon />
                    </div>
                    <div
                      class="infoSection MuiBox-root emotion-7"
                    >
                      <div
                        class="title MuiBox-root emotion-7"
                      >
                        Symantec VIP
                      </div>
                      <div
                        class="actionName MuiBox-root emotion-7"
                        data-se="symantec_vip"
                      >
                        Select
                        <mocksvgicon />
                      </div>
                    </div>
                  </div>
                </div>
                <div
                  class="MuiBox-root emotion-10"
                >
                  <div
                    class="authButton MuiBox-root emotion-16"
                    role="button"
                    tabindex="0"
                  >
                    <div
                      class="iconContainer MuiBox-root emotion-7"
                    >
                      <mocksvgicon />
                    </div>
                    <div
                      class="infoSection MuiBox-root emotion-7"
                    >
                      <div
                        class="title MuiBox-root emotion-7"
                      >
                        YubiKey Authenticator
                      </div>
                      <div
                        class="actionName MuiBox-root emotion-7"
                        data-se="yubikey_token"
                      >
                        Select
                        <mocksvgicon />
                      </div>
                    </div>
                  </div>
                </div>
                <div
                  class="MuiBox-root emotion-10"
                >
                  <div
                    class="authButton MuiBox-root emotion-16"
                    role="button"
                    tabindex="0"
                  >
                    <div
                      class="iconContainer MuiBox-root emotion-7"
                    />
                    <div
                      class="infoSection MuiBox-root emotion-7"
                    >
                      <div
                        class="title MuiBox-root emotion-7"
                      >
                        Get a push notification
                      </div>
                      <div
                        class="description MuiBox-root emotion-7"
                      >
                        Custom Push App
                      </div>
                      <div
                        class="actionName MuiBox-root emotion-7"
                        data-se="custom_app"
                      >
                        Select
                        <mocksvgicon />
                      </div>
                    </div>
                  </div>
                </div>
                <div
                  class="MuiBox-root emotion-10"
                >
                  <button
                    class="MuiButton-root MuiButton-floating MuiButton-floatingPrimary MuiButton-sizeMedium MuiButton-floatingSizeMedium MuiButton-disableElevation MuiButtonBase-root  emotion-122"
                    data-se="cancel"
                    tabindex="0"
                    type="button"
                  >
                    Back to sign in
                  </button>
                </div>
              </div>
            </form>
          </div>
        </div>
      </main>
    </span>
  </div>
</div>
`;
