// Jest Snapshot v1, https://goo.gl/fbAQLP

exports[`authenticator-verification-custom-otp should render form 1`] = `
<div>
  <div
    class="MuiScopedCssBaseline-root emotion-0"
  >
    <main
      class="auth-container main-container mainViewContainer MuiBox-root emotion-1"
      data-commit="b9bbc0140703c3fbf0e2e58920362e70"
      data-version="0.0.0"
      dir="ltr"
      id="okta-sign-in"
      lang="en"
    >
      <div
        class="siwContainer MuiBox-root emotion-2"
      >
        <div
          class="okta-sign-in-header auth-header siwHeader authCoinSpacing MuiBox-root emotion-3"
        >
          <h1
            class="MuiTypography-root MuiTypography-h1 emotion-4"
          />
          <div
            aria-hidden="true"
            class="iconContainer mfa-hotp authCoinOverlay MuiBox-root emotion-5"
            data-se="factor-beacon"
          >
            <svg
              aria-labelledby="mfa-hotp"
              fill="none"
              height="48"
              role="img"
              viewBox="0 0 48 48"
              width="48"
              xmlns="http://www.w3.org/2000/svg"
            >
              <title
                id="mfa-hotp"
              >
                Enter a single-use code from an authenticator.
              </title>
              <path
                class="siwFillBg"
                clip-rule="evenodd"
                d="M24 48c13.255 0 24-10.745 24-24S37.255 0 24 0 0 10.745 0 24s10.745 24 24 24Z"
                fill="#F5F5F6"
                fill-rule="evenodd"
              />
              <path
                class="siwFillSecondary"
                d="M28 23h-6v-6h1v5h5v1Z"
                fill="#A7B5EC"
              />
              <path
                class="siwFillSecondary"
                d="m29.39 14.32 1.46-1.47-.7-.7-1.6 1.59A11.323 11.323 0 0 0 23 12.03V10h2V9h-5v1h2v2.03c-1.967.078-3.88.667-5.55 1.71l-1.6-1.59-.7.7 1.46 1.47A11.459 11.459 0 0 0 13.79 31h1.37a10.5 10.5 0 1 1 14.68 0h1.37a11.459 11.459 0 0 0-1.82-16.68Z"
                fill="#A7B5EC"
              />
              <path
                class="siwFillPrimaryDark"
                d="m21.257 33.929-.514-.858L19 34.117V32h-1v2.117l-1.743-1.046-.514.858L17.528 35l-1.785 1.071.514.858L18 35.883V38h1v-2.117l1.743 1.046.514-.858L19.472 35l1.785-1.071Zm8 0-.514-.858L27 34.117V32h-1v2.117l-1.743-1.046-.514.858L25.528 35l-1.785 1.071.514.858L26 35.883V38h1v-2.117l1.743 1.046.514-.858L27.472 35l1.785-1.071Zm8 0-.514-.858L35 34.117V32h-1v2.117l-1.743-1.046-.514.858L33.528 35l-1.785 1.071.514.858L34 35.883V38h1v-2.117l1.743 1.046.514-.858L35.472 35l1.785-1.071Z"
                fill="#00297A"
              />
            </svg>
          </div>
        </div>
        <div
          class="MuiBox-root emotion-6"
        >
          <div
            class="identifier-container MuiBox-root emotion-7"
          >
            <div
              class="identifierContainer MuiBox-root emotion-8"
            >
              <span
                class="userIconContainer MuiBox-root emotion-9"
              >
                <svg
                  class="MuiSvgIcon-root MuiSvgIcon-fontSizeInherit emotion-10"
                  fill="none"
                  focusable="false"
                  role="img"
                  viewBox="0 0 16 16"
                  xmlns="http://www.w3.org/2000/svg"
                >
                  <path
                    clip-rule="evenodd"
                    d="M10 3V5C10 6.10457 9.10457 7 8 7C6.89543 7 6 6.10457 6 5V3C6 1.89543 6.89543 1 8 1C9.10457 1 10 1.89543 10 3ZM5 3C5 1.34315 6.34315 0 8 0C9.65685 0 11 1.34315 11 3V5C11 6.65685 9.65685 8 8 8C6.34315 8 5 6.65685 5 5V3ZM4.1305 10.0742C4.26803 10.0181 4.459 10 5.41376 10H10.5862C11.541 10 11.732 10.0181 11.8695 10.0742C12.0299 10.1398 12.1706 10.2459 12.2777 10.3821C12.3695 10.4989 12.4393 10.6776 12.7016 11.5956L13.6743 15H2.32573L3.29841 11.5956C3.5607 10.6776 3.63054 10.4989 3.72233 10.3821C3.82941 10.2459 3.97006 10.1398 4.1305 10.0742ZM13.6631 11.3209L14.7143 15L15 16H13.96H2.04002H1L1.28571 15L2.33689 11.3209C2.57458 10.489 2.69343 10.073 2.93606 9.76423C3.15022 9.49171 3.43152 9.27953 3.75239 9.14848C4.11592 9 4.54854 9 5.41376 9H10.5862C11.4515 9 11.8841 9 12.2476 9.14848C12.5685 9.27953 12.8498 9.49171 13.0639 9.76423C13.3066 10.073 13.4254 10.489 13.6631 11.3209Z"
                    fill="currentColor"
                    fill-rule="evenodd"
                  />
                  <title>
                    User
                  </title>
                </svg>
              </span>
              <span
                class="identifier no-translate identifierSpan MuiBox-root emotion-9"
                data-se="identifier"
                title="testUser@okta.com"
              >
                testUser@okta.com
              </span>
            </div>
          </div>
          <form
            class="o-form siwForm"
            data-se="o-form"
            novalidate=""
          >
            <div
              class="MuiBox-root emotion-12"
            >
              <div
                class="MuiBox-root emotion-13"
              >
                <div
                  class="MuiBox-root emotion-14"
                >
                  <h2
                    class="MuiTypography-root MuiTypography-h4 emotion-15"
                    data-se="o-form-head"
                    id="challenge-authenticator_Title_Verify_with_Atko_Custom_OTP_Authenticator_custom_otp_aut11ceMaP0B0EzMI0g4_1"
                    tabindex="-1"
                  >
                    Verify with Atko Custom OTP Authenticator
                  </h2>
                </div>
              </div>
              <div
                class="MuiBox-root emotion-13"
              >
                <div
                  class="MuiBox-root emotion-14"
                >
                  <p
                    class="MuiTypography-root MuiTypography-body1 MuiTypography-paragraph emotion-18"
                    data-se="o-form-explain"
                    id="challenge-authenticator_Description_Enter_the_code_generated_on_your_authenticator_and_verify_custom_otp_aut11ceMaP0B0EzMI0g4_2"
                  >
                    Enter the code generated on your authenticator and verify.
                  </p>
                </div>
              </div>
              <div
                class="MuiBox-root emotion-13"
              >
                <div
                  class="MuiBox-root emotion-9"
                >
                  <label
                    class="MuiFormLabel-root MuiInputLabel-root MuiFormLabel-colorPrimary MuiInputLabel-root emotion-21"
                    data-shrink="false"
                    for="credentials.passcode"
                  >
                    Enter code
                  </label>
                  <div
                    class="MuiInputBase-root MuiInputBase-colorPrimary MuiInputBase-fullWidth emotion-22"
                    required="true"
                  >
                    <input
                      aria-invalid="false"
                      autocomplete="off"
                      class="MuiInputBase-input emotion-23"
                      data-se="credentials.passcode"
                      id="credentials.passcode"
                      inputmode="numeric"
                      name="credentials.passcode"
                      required=""
                      type="text"
                    />
                  </div>
                </div>
              </div>
              <div
                class="MuiBox-root emotion-13"
              >
                <button
                  class="MuiButtonBase-root MuiButton-root MuiButton-primary MuiButton-primaryPrimary MuiButton-sizeMedium MuiButton-primarySizeMedium MuiButton-disableElevation MuiButton-fullWidth MuiButton-root MuiButton-primary MuiButton-primaryPrimary MuiButton-sizeMedium MuiButton-primarySizeMedium MuiButton-disableElevation MuiButton-fullWidth emotion-25"
                  data-type="save"
                  tabindex="0"
                  type="submit"
                >
                  Verify
                </button>
              </div>
              <div
                class="MuiBox-root emotion-13"
              >
                <button
                  class="MuiTypography-root MuiTypography-body1 MuiLink-root MuiLink-underlineAlways MuiLink-button emotion-27"
                  data-se="cancel"
                  role="link"
                >
                  Back to sign in
                </button>
              </div>
            </div>
          </form>
        </div>
      </div>
    </main>
  </div>
</div>
`;
