// Jest Snapshot v1, https://goo.gl/fbAQLP

exports[`enduser-consent-without-lgoo should render form 1`] = `
<div>
  <div
    class="MuiScopedCssBaseline-root emotion-0"
  >
    <main
      class="auth-container main-container MuiBox-root emotion-1"
      data-commit="b9bbc0140703c3fbf0e2e58920362e70"
      data-version="0.0.0"
      dir="ltr"
      id="okta-sign-in"
      lang="en"
    >
      <div
        class="MuiScopedCssBaseline-root emotion-2"
      >
        <div
          class="MuiBox-root emotion-3"
        >
          <div
            class="MuiBox-root emotion-4"
          >
            <div
              class="okta-sign-in-header auth-header MuiBox-root emotion-5"
            >
              <h1
                class="MuiTypography-root MuiTypography-h1 emotion-6"
              />
            </div>
            <div
              class="MuiBox-root emotion-7"
            >
              <div
                class="MuiBox-root emotion-1"
              >
                <div
                  class="MuiBox-root emotion-9"
                />
                <span
                  class="title-text MuiBox-root emotion-10"
                >
                  <h2
                    class="MuiTypography-root MuiTypography-h6 no-translate emotion-11"
                  >
                    Native client
                  </h2>
                  <p
                    class="MuiTypography-root MuiTypography-body1 MuiTypography-paragraph emotion-12"
                  >
                    would like to:
                  </p>
                </span>
              </div>
              <div
                aria-live="polite"
                class="MuiBox-root emotion-13"
              >
                <span
                  aria-label="Processing..."
                  aria-valuetext="Processing..."
                  class="MuiCircularProgress-root MuiCircularProgress-indeterminate MuiCircularProgress-colorPrimary emotion-14"
                  role="progressbar"
                  style="width: 1.14285714rem; height: 1.14285714rem;"
                >
                  <svg
                    class="MuiCircularProgress-svg emotion-15"
                    viewBox="22 22 44 44"
                  >
                    <circle
                      class="MuiCircularProgress-circle MuiCircularProgress-circleIndeterminate emotion-16"
                      cx="44"
                      cy="44"
                      fill="none"
                      r="18"
                      stroke-width="8"
                    />
                  </svg>
                </span>
              </div>
            </div>
          </div>
        </div>
      </div>
    </main>
  </div>
</div>
`;
