// Jest Snapshot v1, https://goo.gl/fbAQLP

exports[`enroll-profile-new should render form 1`] = `
<div>
  <div
    class="MuiScopedCssBaseline-root emotion-0"
  >
    <span>
      <main
        class="auth-container main-container mainViewContainer MuiBox-root emotion-1"
        data-commit="b9bbc0140703c3fbf0e2e58920362e70"
        data-version="0.0.0"
        id="okta-sign-in"
      >
        <div
          class="siwContainer MuiBox-root emotion-2"
        >
          <div
            class="okta-sign-in-header auth-header siwHeader"
          >
            <h1
              class="MuiTypography-root MuiTypography-h1 emotion-3"
            />
          </div>
          <div
            data-test="sentinelStart"
            tabindex="0"
          />
          <div
            class="MuiBox-root emotion-4"
            tabindex="-1"
          >
            <form
              class="o-form"
              data-se="form"
              novalidate=""
            >
              <div
                class="MuiBox-root emotion-5"
              >
                <div
                  class="MuiBox-root emotion-6"
                >
                  <div
                    class="MuiBox-root emotion-7"
                  >
                    <h2
                      class="MuiTypography-root MuiTypography-h3 emotion-8"
                      data-se="o-form-head"
                    >
                      Sign up
                    </h2>
                  </div>
                </div>
                <div
                  class="MuiBox-root emotion-6"
                >
                  <div
                    class="MuiBox-root emotion-10"
                  >
                    <label
                      class="MuiInputLabel-root MuiFormLabel-root MuiFormLabel-colorPrimary emotion-11"
                      for="userProfile.firstName"
                    >
                      First name
                    </label>
                    <div
                      class="MuiOutlinedInput-root MuiInputBase-root MuiInputBase-colorPrimary MuiInputBase-fullWidth emotion-12"
                    >
                      <input
                        aria-invalid="false"
                        autocomplete="given-name"
                        class="MuiOutlinedInput-input MuiInputBase-input emotion-13"
                        data-se="userProfile.firstName"
                        id="userProfile.firstName"
                        name="userProfile.firstName"
                        type="text"
                      />
                      <fieldset
                        aria-hidden="true"
                        class="MuiOutlinedInput-notchedOutline emotion-14"
                      >
                        <legend
                          class="emotion-15"
                        >
                          <span
                            class="notranslate"
                          >
                            ​
                          </span>
                        </legend>
                      </fieldset>
                    </div>
                  </div>
                </div>
                <div
                  class="MuiBox-root emotion-6"
                >
                  <div
                    class="MuiBox-root emotion-10"
                  >
                    <label
                      class="MuiInputLabel-root MuiFormLabel-root MuiFormLabel-colorPrimary emotion-11"
                      for="userProfile.lastName"
                    >
                      Last name
                    </label>
                    <div
                      class="MuiOutlinedInput-root MuiInputBase-root MuiInputBase-colorPrimary MuiInputBase-fullWidth emotion-12"
                    >
                      <input
                        aria-invalid="false"
                        autocomplete="family-name"
                        class="MuiOutlinedInput-input MuiInputBase-input emotion-13"
                        data-se="userProfile.lastName"
                        id="userProfile.lastName"
                        name="userProfile.lastName"
                        type="text"
                      />
                      <fieldset
                        aria-hidden="true"
                        class="MuiOutlinedInput-notchedOutline emotion-14"
                      >
                        <legend
                          class="emotion-15"
                        >
                          <span
                            class="notranslate"
                          >
                            ​
                          </span>
                        </legend>
                      </fieldset>
                    </div>
                  </div>
                </div>
                <div
                  class="MuiBox-root emotion-6"
                >
                  <div
                    class="MuiBox-root emotion-10"
                  >
                    <label
                      class="MuiInputLabel-root MuiFormLabel-root MuiFormLabel-colorPrimary emotion-11"
                      for="userProfile.email"
                    >
                      Email
                    </label>
                    <div
                      class="MuiOutlinedInput-root MuiInputBase-root MuiInputBase-colorPrimary MuiInputBase-fullWidth emotion-12"
                    >
                      <input
                        aria-invalid="false"
                        autocomplete="email"
                        class="MuiOutlinedInput-input MuiInputBase-input emotion-13"
                        data-se="userProfile.email"
                        id="userProfile.email"
                        name="userProfile.email"
                        type="text"
                      />
                      <fieldset
                        aria-hidden="true"
                        class="MuiOutlinedInput-notchedOutline emotion-14"
                      >
                        <legend
                          class="emotion-15"
                        >
                          <span
                            class="notranslate"
                          >
                            ​
                          </span>
                        </legend>
                      </fieldset>
                    </div>
                  </div>
                </div>
                <div
                  class="MuiBox-root emotion-6"
                >
                  <button
                    class="MuiButton-root MuiButton-primary MuiButton-primaryPrimary MuiButton-sizeMedium MuiButton-primarySizeMedium MuiButton-disableElevation MuiButton-fullWidth MuiButtonBase-root  emotion-31"
                    data-type="save"
                    tabindex="0"
                    type="submit"
                  >
                    Sign Up
                  </button>
                </div>
                <div
                  class="MuiBox-root emotion-6"
                >
                  <hr
                    class="MuiDivider-root MuiDivider-fullWidth emotion-33"
                  />
                </div>
                <div
                  class="MuiBox-root emotion-34"
                >
                  <div
                    class="MuiBox-root emotion-6"
                  >
                    <div
                      class="MuiBox-root emotion-7"
                    >
                      <p
                        class="MuiTypography-root MuiTypography-body1 MuiTypography-paragraph emotion-37"
                        data-se="o-form-explain"
                      >
                        Already have an account?
                      </p>
                    </div>
                  </div>
                  <div
                    class="MuiBox-root emotion-6"
                  >
                    <a
                      class="MuiTypography-root MuiTypography-inherit MuiLink-root MuiLink-underlineAlways emotion-39"
                      data-se="back"
                      href="javascript:void(0)"
                      inputref="[object Object]"
                    >
                      Sign In
                    </a>
                  </div>
                </div>
              </div>
            </form>
          </div>
          <div
            data-test="sentinelEnd"
            tabindex="0"
          />
        </div>
      </main>
    </span>
  </div>
</div>
`;
