// Jest Snapshot v1, https://goo.gl/fbAQLP

exports[`enroll-profile-update-optional-fields should render form with one required field 1`] = `
<div>
  <div
    class="MuiScopedCssBaseline-root emotion-0"
  >
    <main
      class="auth-container main-container mainViewContainer MuiBox-root emotion-1"
      data-commit="b9bbc0140703c3fbf0e2e58920362e70"
      data-version="0.0.0"
      dir="ltr"
      id="okta-sign-in"
      lang="en"
    >
      <div
        class="siwContainer MuiBox-root emotion-2"
      >
        <div
          class="okta-sign-in-header auth-header siwHeader MuiBox-root emotion-3"
        >
          <h1
            class="MuiTypography-root MuiTypography-h1 emotion-4"
          />
        </div>
        <div
          class="MuiBox-root emotion-5"
        >
          <div
            class="identifier-container MuiBox-root emotion-6"
          >
            <div
              class="identifierContainer MuiBox-root emotion-7"
            >
              <span
                class="userIconContainer MuiBox-root emotion-8"
              >
                <svg
                  class="MuiSvgIcon-root MuiSvgIcon-fontSizeInherit emotion-9"
                  fill="none"
                  focusable="false"
                  role="img"
                  viewBox="0 0 16 16"
                  xmlns="http://www.w3.org/2000/svg"
                >
                  <path
                    clip-rule="evenodd"
                    d="M10 3V5C10 6.10457 9.10457 7 8 7C6.89543 7 6 6.10457 6 5V3C6 1.89543 6.89543 1 8 1C9.10457 1 10 1.89543 10 3ZM5 3C5 1.34315 6.34315 0 8 0C9.65685 0 11 1.34315 11 3V5C11 6.65685 9.65685 8 8 8C6.34315 8 5 6.65685 5 5V3ZM4.1305 10.0742C4.26803 10.0181 4.459 10 5.41376 10H10.5862C11.541 10 11.732 10.0181 11.8695 10.0742C12.0299 10.1398 12.1706 10.2459 12.2777 10.3821C12.3695 10.4989 12.4393 10.6776 12.7016 11.5956L13.6743 15H2.32573L3.29841 11.5956C3.5607 10.6776 3.63054 10.4989 3.72233 10.3821C3.82941 10.2459 3.97006 10.1398 4.1305 10.0742ZM13.6631 11.3209L14.7143 15L15 16H13.96H2.04002H1L1.28571 15L2.33689 11.3209C2.57458 10.489 2.69343 10.073 2.93606 9.76423C3.15022 9.49171 3.43152 9.27953 3.75239 9.14848C4.11592 9 4.54854 9 5.41376 9H10.5862C11.4515 9 11.8841 9 12.2476 9.14848C12.5685 9.27953 12.8498 9.49171 13.0639 9.76423C13.3066 10.073 13.4254 10.489 13.6631 11.3209Z"
                    fill="currentColor"
                    fill-rule="evenodd"
                  />
                  <title>
                    User
                  </title>
                </svg>
              </span>
              <span
                class="identifier no-translate identifierSpan MuiBox-root emotion-8"
                data-se="identifier"
                title="testUser@okta.com"
              >
                testUser@okta.com
              </span>
            </div>
          </div>
          <form
            class="o-form siwForm"
            data-se="o-form"
            novalidate=""
          >
            <div
              class="MuiBox-root emotion-11"
            >
              <div
                class="MuiBox-root emotion-12"
              >
                <div
                  class="MuiBox-root emotion-13"
                >
                  <h2
                    class="MuiTypography-root MuiTypography-h4 emotion-14"
                    data-se="o-form-head"
                    id="profile-update_Title_Additional_Profile_information_1"
                  >
                    Additional Profile information
                  </h2>
                </div>
              </div>
              <div
                class="MuiBox-root emotion-12"
              >
                <div
                  class="MuiBox-root emotion-8"
                >
                  <label
                    class="MuiFormLabel-root MuiInputLabel-root MuiFormLabel-colorPrimary MuiInputLabel-root emotion-17"
                    for="userProfile.newAttribute"
                  >
                    Some custom attribute
                  </label>
                  <div
                    class="MuiInputBase-root MuiInputBase-colorPrimary MuiInputBase-fullWidth emotion-18"
                    required="true"
                  >
                    <input
                      aria-describedby="profile-update_Title_Additional_Profile_information_1"
                      aria-invalid="false"
                      class="MuiInputBase-input emotion-19"
                      data-se="userProfile.newAttribute"
                      id="userProfile.newAttribute"
                      name="userProfile.newAttribute"
                      required=""
                      type="text"
                    />
                  </div>
                </div>
              </div>
              <div
                class="MuiBox-root emotion-12"
              >
                <div
                  class="MuiBox-root emotion-8"
                >
                  <label
                    class="MuiFormLabel-root MuiInputLabel-root MuiFormLabel-colorPrimary MuiInputLabel-root emotion-17"
                    for="userProfile.secondEmail"
                  >
                    Secondary email
                  </label>
                  <div
                    class="MuiInputBase-root MuiInputBase-colorPrimary MuiInputBase-fullWidth emotion-18"
                    required="true"
                  >
                    <input
                      aria-describedby="profile-update_Title_Additional_Profile_information_1 userProfile.secondEmail-explain"
                      aria-invalid="false"
                      class="MuiInputBase-input emotion-19"
                      data-se="userProfile.secondEmail"
                      id="userProfile.secondEmail"
                      name="userProfile.secondEmail"
                      required=""
                      type="text"
                    />
                  </div>
                  <p
                    class="MuiFormHelperText-root o-form-explain emotion-25"
                    data-se="userProfile.secondEmail-explain"
                    id="userProfile.secondEmail-explain"
                  >
                    Use a second email to 
                    <span
                      class="strong"
                    >
                       recover your account 
                    </span>
                     in case you become locked out. This email must be verified after setup.
                  </p>
                </div>
              </div>
              <div
                class="MuiBox-root emotion-12"
              >
                <div
                  class="MuiBox-root emotion-8"
                >
                  <label
                    class="MuiFormLabel-root MuiInputLabel-root MuiFormLabel-colorPrimary MuiInputLabel-root emotion-17"
                    for="userProfile.newAttribute2"
                  >
                    Some custom attribute 2
                  </label>
                  <div
                    class="MuiInputBase-root MuiInputBase-colorPrimary MuiInputBase-fullWidth emotion-18"
                    required="true"
                  >
                    <input
                      aria-describedby="profile-update_Title_Additional_Profile_information_1"
                      aria-invalid="false"
                      class="MuiInputBase-input emotion-19"
                      data-se="userProfile.newAttribute2"
                      id="userProfile.newAttribute2"
                      name="userProfile.newAttribute2"
                      required=""
                      type="text"
                    />
                  </div>
                </div>
              </div>
              <div
                class="MuiBox-root emotion-12"
              >
                <button
                  aria-describedby="profile-update_Title_Additional_Profile_information_1"
                  class="MuiButtonBase-root MuiButton-root MuiButton-primary MuiButton-primaryPrimary MuiButton-sizeMedium MuiButton-primarySizeMedium MuiButton-disableElevation MuiButton-fullWidth MuiButton-root MuiButton-primary MuiButton-primaryPrimary MuiButton-sizeMedium MuiButton-primarySizeMedium MuiButton-disableElevation MuiButton-fullWidth emotion-32"
                  data-type="save"
                  tabindex="0"
                  type="submit"
                >
                  Finish
                </button>
              </div>
              <div
                class="MuiBox-root emotion-12"
              >
                <a
                  aria-describedby="profile-update_Title_Additional_Profile_information_1"
                  class="MuiTypography-root MuiTypography-inherit MuiLink-root MuiLink-underlineAlways emotion-34"
                  data-se="skip"
                  href="javascript:void(0)"
                >
                  Skip Profile
                </a>
              </div>
              <div
                class="MuiBox-root emotion-12"
              >
                <a
                  class="MuiTypography-root MuiTypography-inherit MuiLink-root MuiLink-underlineAlways emotion-34"
                  data-se="cancel"
                  href="javascript:void(0)"
                >
                  Back to sign in
                </a>
              </div>
            </div>
          </form>
        </div>
      </div>
    </main>
  </div>
</div>
`;
