// Jest Snapshot v1, https://goo.gl/fbAQLP

exports[`error-authenticator-enrollment-not-allowed should render form 1`] = `
<div>
  <main
    class="auth-container main-container MuiBox-root emotion-0"
    data-commit="b9bbc0140703c3fbf0e2e58920362e70"
    data-version="0.0.0"
    dir="ltr"
    id="okta-sign-in"
    lang="en"
  >
    <div
      class="MuiScopedCssBaseline-root emotion-1"
    >
      <div
        class="MuiBox-root emotion-2"
      >
        <div
          class="MuiBox-root emotion-3"
        >
          <div
            class="okta-sign-in-header auth-header MuiBox-root emotion-4"
          >
            <h1
              class="MuiTypography-root MuiTypography-h1 emotion-5"
            />
          </div>
          <div
            class="MuiBox-root emotion-6"
          >
            <div
              class="identifier-container MuiBox-root emotion-7"
            >
              <div
                class="MuiBox-root emotion-8"
              >
                <span
                  class="MuiBox-root emotion-9"
                >
                  <svg
                    class="MuiSvgIcon-root MuiSvgIcon-fontSizeInherit emotion-10"
                    fill="none"
                    focusable="false"
                    role="img"
                    viewBox="0 0 16 16"
                    xmlns="http://www.w3.org/2000/svg"
                  >
                    <path
                      clip-rule="evenodd"
                      d="M10 3V5C10 6.10457 9.10457 7 8 7C6.89543 7 6 6.10457 6 5V3C6 1.89543 6.89543 1 8 1C9.10457 1 10 1.89543 10 3ZM5 3C5 1.34315 6.34315 0 8 0C9.65685 0 11 1.34315 11 3V5C11 6.65685 9.65685 8 8 8C6.34315 8 5 6.65685 5 5V3ZM4.1305 10.0742C4.26803 10.0181 4.459 10 5.41376 10H10.5862C11.541 10 11.732 10.0181 11.8695 10.0742C12.0299 10.1398 12.1706 10.2459 12.2777 10.3821C12.3695 10.4989 12.4393 10.6776 12.7016 11.5956L13.6743 15H2.32573L3.29841 11.5956C3.5607 10.6776 3.63054 10.4989 3.72233 10.3821C3.82941 10.2459 3.97006 10.1398 4.1305 10.0742ZM13.6631 11.3209L14.7143 15L15 16H13.96H2.04002H1L1.28571 15L2.33689 11.3209C2.57458 10.489 2.69343 10.073 2.93606 9.76423C3.15022 9.49171 3.43152 9.27953 3.75239 9.14848C4.11592 9 4.54854 9 5.41376 9H10.5862C11.4515 9 11.8841 9 12.2476 9.14848C12.5685 9.27953 12.8498 9.49171 13.0639 9.76423C13.3066 10.073 13.4254 10.489 13.6631 11.3209Z"
                      fill="currentColor"
                      fill-rule="evenodd"
                    />
                    <title>
                      User
                    </title>
                  </svg>
                </span>
                <span
                  class="identifier no-translate MuiBox-root emotion-11"
                  data-se="identifier"
                  title="tester@okta1.com"
                >
                  tester@okta1.com
                </span>
              </div>
            </div>
            <form
              class="o-form MuiBox-root emotion-12"
              data-se="o-form"
              novalidate=""
            >
              <div
                class="MuiBox-root emotion-13"
              >
                <div
                  class="MuiBox-root emotion-14"
                >
                  <div
                    class="MuiBox-root emotion-15"
                    data-se="message"
                  >
                    <div
                      class="MuiPaper-root MuiPaper-elevation MuiPaper-rounded MuiPaper-elevation0 MuiAlert-root MuiAlert-infoboxError MuiAlert-infobox infobox-error emotion-16"
                      data-se="callout"
                      role="alert"
                    >
                      <div
                        class="MuiAlert-icon emotion-17"
                      >
                        <svg
                          aria-hidden="true"
                          class="MuiSvgIcon-root MuiSvgIcon-fontSizeInherit emotion-18"
                          fill="none"
                          focusable="false"
                          viewBox="0 0 16 16"
                          xmlns="http://www.w3.org/2000/svg"
                        >
                          <path
                            clip-rule="evenodd"
                            d="M13.983 14.6471C13.4706 15 12.6329 15 10.9575 15H5.04248C3.36707 15 2.52937 15 2.01699 14.6471C1.56939 14.3387 1.26655 13.8615 1.17816 13.3252C1.07698 12.7114 1.43367 11.9534 2.14706 10.4374L5.10455 4.15277C6.02878 2.18879 6.49089 1.2068 7.12576 0.898255C7.6777 0.630012 8.32225 0.630012 8.87419 0.898255C9.50906 1.2068 9.97117 2.18879 10.8954 4.15277L13.8529 10.4374C14.5663 11.9534 14.923 12.7114 14.8218 13.3252C14.7334 13.8615 14.4306 14.3387 13.983 14.6471ZM7.99998 10C7.72383 10 7.49998 9.77614 7.49998 9.5L7.49998 5H8.49998L8.49998 9.5C8.49998 9.77614 8.27612 10 7.99998 10ZM7.99998 13C8.14831 13 8.29332 12.956 8.41665 12.8736C8.53999 12.7912 8.63612 12.6741 8.69288 12.537C8.74965 12.4 8.7645 12.2492 8.73556 12.1037C8.70662 11.9582 8.6352 11.8246 8.53031 11.7197C8.42542 11.6148 8.29178 11.5434 8.14629 11.5144C8.00081 11.4855 7.85001 11.5003 7.71296 11.5571C7.57592 11.6139 7.45878 11.71 7.37637 11.8333C7.29396 11.9567 7.24998 12.1017 7.24998 12.25C7.24998 12.4489 7.32899 12.6397 7.46964 12.7803C7.6103 12.921 7.80106 13 7.99998 13Z"
                            fill="currentColor"
                            fill-rule="evenodd"
                          />
                        </svg>
                      </div>
                      <div
                        class="MuiAlert-message emotion-19"
                      >
                        Authenticator enrollment is not allowed at this time. Please contact support for assistance.
                      </div>
                    </div>
                  </div>
                </div>
                <div
                  class="MuiBox-root emotion-14"
                >
                  <button
                    class="MuiTypography-root MuiTypography-body1 MuiLink-root MuiLink-underlineAlways MuiLink-button emotion-21"
                    data-se="cancel"
                    role="link"
                  >
                    Back to sign in
                  </button>
                </div>
              </div>
            </form>
          </div>
        </div>
      </div>
    </div>
  </main>
</div>
`;
