// Jest Snapshot v1, https://goo.gl/fbAQLP

exports[`identify-with-password renders form 1`] = `
<div>
  <div
    class="MuiScopedCssBaseline-root emotion-0"
  >
    <span>
      <main
        class="auth-container main-container mainViewContainer MuiBox-root emotion-1"
        id="okta-sign-in"
      >
        <div
          class="siwContainer MuiBox-root emotion-2"
        >
          <div
            class="okta-sign-in-header auth-header siwHeader"
          >
            <h1
              class="MuiTypography-root MuiTypography-h1 emotion-3"
            />
          </div>
          <div
            class="MuiBox-root emotion-4"
          >
            <form
              class="o-form"
              data-se="form"
              novalidate=""
            >
              <div
                class="MuiBox-root emotion-5"
              >
                <div
                  class="MuiBox-root emotion-6"
                >
                  <div
                    class="MuiBox-root emotion-7"
                  >
                    <h2
                      class="MuiTypography-root MuiTypography-h3 emotion-8"
                    >
                      Sign In
                    </h2>
                  </div>
                </div>
                <div
                  class="MuiBox-root emotion-6"
                >
                  <div
                    class="MuiBox-root emotion-10"
                  >
                    <label
                      class="MuiInputLabel-root MuiInputLabel-animated MuiFormLabel-root MuiFormLabel-colorPrimary emotion-11"
                      for="identifier"
                    >
                      Username
                    </label>
                    <div
                      class="MuiOutlinedInput-root MuiInputBase-root MuiInputBase-colorPrimary MuiInputBase-fullWidth emotion-12"
                    >
                      <input
                        aria-invalid="false"
                        autocomplete="username"
                        class="MuiOutlinedInput-input MuiInputBase-input emotion-13"
                        data-se="identifier"
                        id="identifier"
                        name="identifier"
                        type="text"
                      />
                      <fieldset
                        aria-hidden="true"
                        class="MuiOutlinedInput-notchedOutline emotion-14"
                      >
                        <legend
                          class="emotion-15"
                        >
                          <span
                            class="notranslate"
                          >
                            ​
                          </span>
                        </legend>
                      </fieldset>
                    </div>
                  </div>
                </div>
                <div
                  class="MuiBox-root emotion-6"
                >
                  <div
                    class="MuiBox-root emotion-10"
                  >
                    <div
                      class="MuiBox-root emotion-10"
                    >
                      <label
                        class="MuiInputLabel-root MuiInputLabel-animated MuiFormLabel-root MuiFormLabel-colorPrimary emotion-11"
                        for="credentials.passcode"
                      >
                        Password
                      </label>
                      <div
                        class="MuiOutlinedInput-root MuiInputBase-root MuiInputBase-colorPrimary MuiInputBase-fullWidth MuiInputBase-adornedEnd emotion-20"
                      >
                        <input
                          aria-invalid="false"
                          autocomplete="current-password"
                          class="MuiOutlinedInput-input MuiInputBase-input MuiInputBase-inputAdornedEnd emotion-21"
                          data-se="credentials.passcode"
                          id="credentials.passcode"
                          name="credentials.passcode"
                          type="password"
                        />
                        <div
                          class="MuiInputAdornment-root MuiInputAdornment-positionEnd emotion-22"
                        >
                          <button
                            aria-label="toggle password visibility"
                            class="MuiButtonBase-root MuiIconButton-root MuiIconButton-edgeEnd MuiIconButton-sizeMedium emotion-23"
                            data-mui-internal-clone-element="true"
                            tabindex="0"
                            type="button"
                          >
                            <svg
                              aria-hidden="true"
                              class="MuiSvgIcon-root MuiSvgIcon-fontSizeMedium emotion-24"
                              data-testid="VisibilityIcon"
                              focusable="false"
                              viewBox="0 0 24 24"
                            >
                              <path
                                d="M12 4.5C7 4.5 2.73 7.61 1 12c1.73 4.39 6 7.5 11 7.5s9.27-3.11 11-7.5c-1.73-4.39-6-7.5-11-7.5zM12 17c-2.76 0-5-2.24-5-5s2.24-5 5-5 5 2.24 5 5-2.24 5-5 5zm0-8c-1.66 0-3 1.34-3 3s1.34 3 3 3 3-1.34 3-3-1.34-3-3-3z"
                              />
                            </svg>
                          </button>
                        </div>
                        <fieldset
                          aria-hidden="true"
                          class="MuiOutlinedInput-notchedOutline emotion-14"
                        >
                          <legend
                            class="emotion-15"
                          >
                            <span
                              class="notranslate"
                            >
                              ​
                            </span>
                          </legend>
                        </fieldset>
                      </div>
                    </div>
                  </div>
                </div>
                <div
                  class="MuiBox-root emotion-6"
                >
                  <label
                    class="MuiFormControlLabel-root MuiFormControlLabel-labelPlacementEnd emotion-28"
                  >
                    <span
                      class="MuiCheckbox-root MuiCheckbox-colorPrimary MuiButtonBase-root MuiCheckbox-root MuiCheckbox-colorPrimary PrivateSwitchBase-root emotion-29"
                    >
                      <input
                        class="PrivateSwitchBase-input emotion-30"
                        data-se="rememberMe"
                        data-se-for-name="rememberMe"
                        id="rememberMe"
                        name="rememberMe"
                        type="checkbox"
                      />
                      <svg
                        aria-hidden="true"
                        class="MuiSvgIcon-root MuiSvgIcon-fontSizeMedium emotion-24"
                        data-testid="CheckBoxOutlineBlankIcon"
                        focusable="false"
                        viewBox="0 0 24 24"
                      >
                        <path
                          d="M19 5v14H5V5h14m0-2H5c-1.1 0-2 .9-2 2v14c0 1.1.9 2 2 2h14c1.1 0 2-.9 2-2V5c0-1.1-.9-2-2-2z"
                        />
                      </svg>
                    </span>
                    <span
                      class="MuiTypography-root MuiTypography-body1 MuiFormControlLabel-label emotion-32"
                    >
                      Keep me signed in
                    </span>
                  </label>
                </div>
                <div
                  class="MuiBox-root emotion-6"
                >
                  <button
                    class="MuiButton-root MuiButton-primary MuiButton-primaryPrimary MuiButton-sizeMedium MuiButton-primarySizeMedium MuiButton-disableElevation MuiButton-fullWidth MuiButtonBase-root  emotion-34"
                    data-type="save"
                    tabindex="0"
                    type="submit"
                  >
                    Sign in
                  </button>
                </div>
                <div
                  class="MuiBox-root emotion-6"
                >
                  <button
                    class="MuiButton-root MuiButton-floating MuiButton-floatingPrimary MuiButton-sizeMedium MuiButton-floatingSizeMedium MuiButton-disableElevation MuiButtonBase-root  emotion-36"
                    data-se="forgot-password"
                    tabindex="0"
                    type="button"
                  >
                    Forgot password?
                  </button>
                </div>
                <div
                  class="MuiBox-root emotion-6"
                >
                  <button
                    class="MuiButton-root MuiButton-floating MuiButton-floatingPrimary MuiButton-sizeMedium MuiButton-floatingSizeMedium MuiButton-disableElevation MuiButtonBase-root  emotion-36"
                    data-se="enroll"
                    tabindex="0"
                    type="button"
                  >
                    Register
                  </button>
                </div>
              </div>
            </form>
          </div>
        </div>
      </main>
    </span>
  </div>
</div>
`;

exports[`identify-with-password renders the loading state first 1`] = `
<div>
  <div
    class="MuiScopedCssBaseline-root emotion-0"
  >
    <span>
      <main
        class="auth-container main-container mainViewContainer MuiBox-root emotion-1"
        id="okta-sign-in"
      >
        <div
          class="siwContainer MuiBox-root emotion-2"
        >
          <div
            class="okta-sign-in-header auth-header siwHeader"
          >
            <h1
              class="MuiTypography-root MuiTypography-h1 emotion-3"
            />
          </div>
          <div
            class="MuiBox-root emotion-4"
          >
            <div
              class="MuiBox-root emotion-5"
            >
              <span
                aria-label="Loading..."
                aria-valuetext="Loading..."
                class="MuiCircularProgress-root MuiCircularProgress-indeterminate MuiCircularProgress-colorPrimary emotion-6"
                role="progressbar"
                style="width: 1.14285714rem; height: 1.14285714rem;"
              >
                <svg
                  class="MuiCircularProgress-svg emotion-7"
                  viewBox="22 22 44 44"
                >
                  <circle
                    class="MuiCircularProgress-circle MuiCircularProgress-circleIndeterminate emotion-8"
                    cx="44"
                    cy="44"
                    fill="none"
                    r="18"
                    stroke-width="8"
                  />
                </svg>
              </span>
            </div>
          </div>
        </div>
      </main>
    </span>
  </div>
</div>
`;

exports[`identify-with-password sends correct payload fails client side validation with no inputs 1`] = `
<div>
  <div
    class="MuiScopedCssBaseline-root emotion-0"
  >
    <span>
      <main
        class="auth-container main-container mainViewContainer MuiBox-root emotion-1"
        id="okta-sign-in"
      >
        <div
          class="siwContainer MuiBox-root emotion-2"
        >
          <div
            class="okta-sign-in-header auth-header siwHeader"
          >
            <h1
              class="MuiTypography-root MuiTypography-h1 emotion-3"
            />
          </div>
          <div
            class="MuiBox-root emotion-4"
          >
            <div
              class="MuiBox-root emotion-5"
            >
              <div
                class="MuiPaper-root MuiPaper-elevation MuiPaper-rounded MuiPaper-elevation0 MuiAlert-root MuiAlert-infoboxError MuiAlert-infobox emotion-6"
                role="alert"
              >
                <div
                  class="MuiAlert-icon emotion-7"
                >
                  <svg
                    aria-hidden="true"
                    class="MuiSvgIcon-root MuiSvgIcon-fontSizeInherit emotion-8"
                    data-testid="ErrorOutlineIcon"
                    focusable="false"
                    viewBox="0 0 24 24"
                  >
                    <path
                      d="M11 15h2v2h-2zm0-8h2v6h-2zm.99-5C6.47 2 2 6.48 2 12s4.47 10 9.99 10C17.52 22 22 17.52 22 12S17.52 2 11.99 2zM12 20c-4.42 0-8-3.58-8-8s3.58-8 8-8 8 3.58 8 8-3.58 8-8 8z"
                    />
                  </svg>
                </div>
                <div
                  class="MuiAlert-message emotion-9"
                >
                  We found some errors. Please review the form and make corrections.
                </div>
              </div>
            </div>
            <form
              class="o-form"
              data-se="form"
              novalidate=""
            >
              <div
                class="MuiBox-root emotion-10"
              >
                <div
                  class="MuiBox-root emotion-11"
                >
                  <div
                    class="MuiBox-root emotion-12"
                  >
                    <h2
                      class="MuiTypography-root MuiTypography-h3 emotion-13"
                    >
                      Sign In
                    </h2>
                  </div>
                </div>
                <div
                  class="MuiBox-root emotion-11"
                >
                  <div
                    class="MuiBox-root emotion-15"
                  >
                    <label
                      class="MuiInputLabel-root MuiInputLabel-animated MuiFormLabel-root MuiFormLabel-colorPrimary emotion-16"
                      for="identifier"
                    >
                      Username
                    </label>
                    <div
                      class="MuiOutlinedInput-root MuiInputBase-root MuiInputBase-colorPrimary Mui-error MuiInputBase-fullWidth emotion-17"
                    >
                      <input
                        aria-invalid="true"
                        autocomplete="username"
                        class="MuiOutlinedInput-input MuiInputBase-input emotion-18"
                        data-se="identifier"
                        id="identifier"
                        name="identifier"
                        type="text"
                      />
                      <fieldset
                        aria-hidden="true"
                        class="MuiOutlinedInput-notchedOutline emotion-19"
                      >
                        <legend
                          class="emotion-20"
                        >
                          <span
                            class="notranslate"
                          >
                            ​
                          </span>
                        </legend>
                      </fieldset>
                    </div>
                    <p
                      class="MuiFormHelperText-root Mui-error emotion-21"
                      data-se="identifier-error"
                    >
                      This field cannot be left blank
                    </p>
                  </div>
                </div>
                <div
                  class="MuiBox-root emotion-11"
                >
                  <div
                    class="MuiBox-root emotion-15"
                  >
                    <div
                      class="MuiBox-root emotion-15"
                    >
                      <label
                        class="MuiInputLabel-root MuiInputLabel-animated MuiFormLabel-root MuiFormLabel-colorPrimary emotion-16"
                        for="credentials.passcode"
                      >
                        Password
                      </label>
                      <div
                        class="MuiOutlinedInput-root MuiInputBase-root MuiInputBase-colorPrimary Mui-error MuiInputBase-fullWidth MuiInputBase-adornedEnd emotion-26"
                      >
                        <input
                          aria-invalid="true"
                          autocomplete="current-password"
                          class="MuiOutlinedInput-input MuiInputBase-input MuiInputBase-inputAdornedEnd emotion-27"
                          data-se="credentials.passcode"
                          id="credentials.passcode"
                          name="credentials.passcode"
                          type="password"
                        />
                        <div
                          class="MuiInputAdornment-root MuiInputAdornment-positionEnd emotion-28"
                        >
                          <button
                            aria-label="toggle password visibility"
                            class="MuiButtonBase-root MuiIconButton-root MuiIconButton-edgeEnd MuiIconButton-sizeMedium emotion-29"
                            data-mui-internal-clone-element="true"
                            tabindex="0"
                            type="button"
                          >
                            <svg
                              aria-hidden="true"
                              class="MuiSvgIcon-root MuiSvgIcon-fontSizeMedium emotion-30"
                              data-testid="VisibilityIcon"
                              focusable="false"
                              viewBox="0 0 24 24"
                            >
                              <path
                                d="M12 4.5C7 4.5 2.73 7.61 1 12c1.73 4.39 6 7.5 11 7.5s9.27-3.11 11-7.5c-1.73-4.39-6-7.5-11-7.5zM12 17c-2.76 0-5-2.24-5-5s2.24-5 5-5 5 2.24 5 5-2.24 5-5 5zm0-8c-1.66 0-3 1.34-3 3s1.34 3 3 3 3-1.34 3-3-1.34-3-3-3z"
                              />
                            </svg>
                          </button>
                        </div>
                        <fieldset
                          aria-hidden="true"
                          class="MuiOutlinedInput-notchedOutline emotion-19"
                        >
                          <legend
                            class="emotion-20"
                          >
                            <span
                              class="notranslate"
                            >
                              ​
                            </span>
                          </legend>
                        </fieldset>
                      </div>
                    </div>
                    <p
                      class="MuiFormHelperText-root Mui-error emotion-21"
                      data-se="credentials.passcode-error"
                    >
                      This field cannot be left blank
                    </p>
                  </div>
                </div>
                <div
                  class="MuiBox-root emotion-11"
                >
                  <label
                    class="MuiFormControlLabel-root MuiFormControlLabel-labelPlacementEnd emotion-35"
                  >
                    <span
                      class="MuiCheckbox-root MuiCheckbox-colorPrimary MuiButtonBase-root MuiCheckbox-root MuiCheckbox-colorPrimary PrivateSwitchBase-root emotion-36"
                    >
                      <input
                        class="PrivateSwitchBase-input emotion-37"
                        data-se="rememberMe"
                        data-se-for-name="rememberMe"
                        id="rememberMe"
                        name="rememberMe"
                        type="checkbox"
                      />
                      <svg
                        aria-hidden="true"
                        class="MuiSvgIcon-root MuiSvgIcon-fontSizeMedium emotion-30"
                        data-testid="CheckBoxOutlineBlankIcon"
                        focusable="false"
                        viewBox="0 0 24 24"
                      >
                        <path
                          d="M19 5v14H5V5h14m0-2H5c-1.1 0-2 .9-2 2v14c0 1.1.9 2 2 2h14c1.1 0 2-.9 2-2V5c0-1.1-.9-2-2-2z"
                        />
                      </svg>
                    </span>
                    <span
                      class="MuiTypography-root MuiTypography-body1 MuiFormControlLabel-label emotion-39"
                    >
                      Keep me signed in
                    </span>
                  </label>
                </div>
                <div
                  class="MuiBox-root emotion-11"
                >
                  <button
                    class="MuiButton-root MuiButton-primary MuiButton-primaryPrimary MuiButton-sizeMedium MuiButton-primarySizeMedium MuiButton-disableElevation MuiButton-fullWidth MuiButtonBase-root  emotion-41"
                    data-type="save"
                    tabindex="0"
                    type="submit"
                  >
                    Sign in
                  </button>
                </div>
                <div
                  class="MuiBox-root emotion-11"
                >
                  <button
                    class="MuiButton-root MuiButton-floating MuiButton-floatingPrimary MuiButton-sizeMedium MuiButton-floatingSizeMedium MuiButton-disableElevation MuiButtonBase-root  emotion-43"
                    data-se="forgot-password"
                    tabindex="0"
                    type="button"
                  >
                    Forgot password?
                  </button>
                </div>
                <div
                  class="MuiBox-root emotion-11"
                >
                  <button
                    class="MuiButton-root MuiButton-floating MuiButton-floatingPrimary MuiButton-sizeMedium MuiButton-floatingSizeMedium MuiButton-disableElevation MuiButtonBase-root  emotion-43"
                    data-se="enroll"
                    tabindex="0"
                    type="button"
                  >
                    Register
                  </button>
                </div>
              </div>
            </form>
          </div>
        </div>
      </main>
    </span>
  </div>
</div>
`;
