// Jest Snapshot v1, https://goo.gl/fbAQLP

exports[`okta-verify-email-channel-enrollment should render email channel form and send correct payload 1`] = `
<div>
  <div
    class="MuiScopedCssBaseline-root emotion-0"
  >
    <main
      class="auth-container main-container MuiBox-root emotion-1"
      data-commit="b9bbc0140703c3fbf0e2e58920362e70"
      data-version="0.0.0"
      dir="ltr"
      id="okta-sign-in"
      lang="en"
    >
      <div
        class="MuiScopedCssBaseline-root emotion-2"
      >
        <div
          class="MuiBox-root emotion-3"
        >
          <div
            class="MuiBox-root emotion-4"
          >
            <div
              class="okta-sign-in-header auth-header authCoinSpacing MuiBox-root emotion-5"
            >
              <h1
                class="MuiTypography-root MuiTypography-h1 emotion-6"
              />
              <div
                aria-hidden="true"
                class="mfa-okta-verify MuiBox-root emotion-7"
                data-se="factor-beacon"
              >
                <svg
                  aria-labelledby="mfa-okta-verify"
                  fill="none"
                  height="2.85714286rem"
                  role="img"
                  viewBox="0 0 48 48"
                  width="2.85714286rem"
                  xmlns="http://www.w3.org/2000/svg"
                >
                  <title
                    id="mfa-okta-verify"
                  >
                    Okta Verify
                  </title>
                  <path
                    clip-rule="evenodd"
                    d="M32.872 22.853a8.947 8.947 0 1 1-2.288-4.91L24 24.498l-3.205-3.19c-.482-.48-1.322-.48-1.804 0a1.26 1.26 0 0 0-.374.898c0 .34.133.659.374.898l4.107 4.09c.24.239.561.371.902.371.336 0 .664-.136.902-.372L38.636 13.52a18.089 18.089 0 0 0-1.634-1.967A17.947 17.947 0 0 0 24 6C14.059 6 6 14.059 6 24s8.059 18 18 18 18-8.059 18-18c0-2.972-.722-5.775-1.998-8.245l-7.13 7.098Z"
                    fill="#00297A"
                    fill-rule="evenodd"
                  />
                </svg>
              </div>
            </div>
            <div
              class="MuiBox-root emotion-8"
            >
              <form
                class="o-form MuiBox-root emotion-9"
                data-se="o-form"
                novalidate=""
              >
                <div
                  class="MuiBox-root emotion-10"
                >
                  <div
                    class="MuiBox-root emotion-11"
                  >
                    <div
                      class="MuiBox-root emotion-12"
                      data-se="identifier-container"
                      title="tester2@test.com"
                    >
                      <div
                        class="MuiChip-root MuiChip-filled MuiChip-sizeMedium MuiChip-colorDefault MuiChip-filledDefault emotion-13"
                        data-se="identifier"
                        translate="no"
                      >
                        <div
                          class="MuiChip-icon MuiChip-iconMedium MuiChip-iconColorDefault MuiBox-root emotion-14"
                        >
                          <svg
                            class="MuiSvgIcon-root MuiSvgIcon-fontSizeInherit emotion-15"
                            fill="none"
                            focusable="false"
                            role="img"
                            viewBox="0 0 24 24"
                            xmlns="http://www.w3.org/2000/svg"
                          >
                            <path
                              clip-rule="evenodd"
                              d="M15.5 6.5a3.5 3.5 0 1 1-7 0 3.5 3.5 0 0 1 7 0Zm2 0a5.5 5.5 0 1 1-11 0 5.5 5.5 0 0 1 11 0ZM5 23c0-2.357.694-4.363 1.886-5.762C8.064 15.856 9.782 15 12 15c2.215 0 3.934.862 5.113 2.25C18.307 18.652 19 20.66 19 23h2c0-2.722-.807-5.216-2.363-7.046C17.067 14.107 14.785 13 12 13c-2.782 0-5.064 1.097-6.636 2.941C3.806 17.77 3 20.263 3 23h2Z"
                              fill="currentColor"
                              fill-rule="evenodd"
                            />
                            <title>
                              User
                            </title>
                          </svg>
                        </div>
                        <span
                          class="MuiChip-label MuiChip-labelMedium emotion-16"
                        >
                          tester2@test.com
                        </span>
                      </div>
                    </div>
                  </div>
                  <div
                    class="MuiBox-root emotion-11"
                  >
                    <div
                      class="MuiBox-root emotion-18"
                    >
                      <h2
                        class="MuiTypography-root MuiTypography-h4 emotion-19"
                        data-se="o-form-head"
                        id="enrollment-channel-data_Title_Set_up_Okta_Verify_via_email_link_okta_verify_aut2h3fft4y9pDPCS1d7_1"
                        tabindex="-1"
                      >
                        Set up Okta Verify via email link
                      </h2>
                    </div>
                  </div>
                  <div
                    class="MuiBox-root emotion-11"
                  >
                    <div
                      class="MuiFormControl-root MuiFormControl-marginNormal MuiFormControl-fullWidth emotion-21"
                    >
                      <label
                        class="MuiFormLabel-root MuiInputLabel-root MuiInputLabel-formControl MuiInputLabel-sizeMedium MuiInputLabel-outlined MuiFormLabel-colorPrimary MuiInputLabel-root MuiInputLabel-formControl MuiInputLabel-sizeMedium MuiInputLabel-outlined emotion-22"
                        data-shrink="false"
                        for="email"
                        id="email-label"
                      >
                        <span>
                          Email
                        </span>
                      </label>
                      <div
                        class="MuiInputBase-root MuiInputBase-colorPrimary MuiInputBase-formControl emotion-23"
                        required="true"
                      >
                        <input
                          aria-invalid="false"
                          aria-labelledby="email-label"
                          autocomplete="email"
                          class="MuiInputBase-input emotion-24"
                          data-se="email"
                          id="email"
                          inputmode="email"
                          name="email"
                          required=""
                          type="text"
                        />
                      </div>
                    </div>
                  </div>
                  <div
                    class="MuiBox-root emotion-11"
                  >
                    <div
                      class="MuiBox-root emotion-18"
                    >
                      <p
                        class="MuiTypography-root MuiTypography-body1 MuiTypography-paragraph emotion-27"
                        data-se="o-form-explain"
                        id="enrollment-channel-data_Description_Make_sure_you_can_access_the_email_on_your_mobile_device_okta_verify_aut2h3fft4y9pDPCS1d7_3"
                      >
                        Make sure you can access the email on your mobile device.
                      </p>
                    </div>
                  </div>
                  <div
                    class="MuiBox-root emotion-11"
                  >
                    <button
                      class="MuiButtonBase-root MuiButton-root MuiButton-primary MuiButton-primaryPrimary MuiButton-sizeMedium MuiButton-primarySizeMedium MuiButton-disableElevation MuiButton-fullWidth MuiButton-root MuiButton-primary MuiButton-primaryPrimary MuiButton-sizeMedium MuiButton-primarySizeMedium MuiButton-disableElevation MuiButton-fullWidth emotion-29"
                      data-se="save"
                      tabindex="0"
                      type="submit"
                    >
                      Send me the setup link
                    </button>
                  </div>
                  <div
                    class="MuiBox-root emotion-11"
                  >
                    <div
                      class="MuiBox-root emotion-1"
                    >
                      Or 
                      <a
                        class="MuiTypography-root MuiTypography-inherit MuiLink-root MuiLink-underlineAlways switch-channel-link emotion-32"
                        href="#"
                      >
                        try a different way
                      </a>
                       to set up Okta Verify.
                    </div>
                  </div>
                  <div
                    class="MuiBox-root emotion-11"
                  >
                    <a
                      class="MuiTypography-root MuiTypography-inherit MuiLink-root MuiLink-underlineAlways emotion-32"
                      data-se="switchAuthenticator"
                      href=""
                    >
                      Return to authenticator list
                    </a>
                  </div>
                  <div
                    class="MuiBox-root emotion-11"
                  >
                    <a
                      class="MuiTypography-root MuiTypography-inherit MuiLink-root MuiLink-underlineAlways emotion-32"
                      data-se="cancel"
                      href=""
                    >
                      Back to sign in
                    </a>
                  </div>
                </div>
              </form>
            </div>
          </div>
        </div>
      </div>
    </main>
  </div>
</div>
`;
