// Jest Snapshot v1, https://goo.gl/fbAQLP

exports[`terminal-return-otp-only-full-location-unlock renders form 1`] = `
<div>
  <div
    class="MuiScopedCssBaseline-root emotion-0"
  >
    <span>
      <main
        class="auth-container main-container mainViewContainer MuiBox-root emotion-1"
        data-commit="b9bbc0140703c3fbf0e2e58920362e70"
        data-version="0.0.0"
        id="okta-sign-in"
      >
        <div
          class="siwContainer MuiBox-root emotion-2"
        >
          <div
            class="okta-sign-in-header auth-header siwHeader authCoinSpacing"
          >
            <h1
              class="MuiTypography-root MuiTypography-h1 emotion-3"
            />
            <div
              class="iconContainer mfa-okta-email authCoinOverlay MuiBox-root emotion-4"
            >
              <mocksvgicon />
            </div>
          </div>
          <div
            data-test="sentinelStart"
            tabindex="0"
          />
          <div
            class="MuiBox-root emotion-5"
            tabindex="-1"
          >
            <div
              class="identifier-container MuiBox-root emotion-6"
            >
              <div
                class="identifierContainer MuiBox-root emotion-7"
              >
                <span
                  class="userIconContainer MuiBox-root emotion-4"
                >
                  <svg
                    class="ods-2icygl"
                    fill="none"
                    role="presentation"
                    viewBox="0 0 16 16"
                    xmlns="http://www.w3.org/2000/svg"
                  >
                    <path
                      clip-rule="evenodd"
                      d="M10 3V5C10 6.10457 9.10457 7 8 7C6.89543 7 6 6.10457 6 5V3C6 1.89543 6.89543 1 8 1C9.10457 1 10 1.89543 10 3ZM5 3C5 1.34315 6.34315 0 8 0C9.65685 0 11 1.34315 11 3V5C11 6.65685 9.65685 8 8 8C6.34315 8 5 6.65685 5 5V3ZM4.1305 10.0742C4.26803 10.0181 4.459 10 5.41376 10H10.5862C11.541 10 11.732 10.0181 11.8695 10.0742C12.0299 10.1398 12.1706 10.2459 12.2777 10.3821C12.3695 10.4989 12.4393 10.6776 12.7016 11.5956L13.6743 15H2.32573L3.29841 11.5956C3.5607 10.6776 3.63054 10.4989 3.72233 10.3821C3.82941 10.2459 3.97006 10.1398 4.1305 10.0742ZM13.6631 11.3209L14.7143 15L15 16H13.96H2.04002H1L1.28571 15L2.33689 11.3209C2.57458 10.489 2.69343 10.073 2.93606 9.76423C3.15022 9.49171 3.43152 9.27953 3.75239 9.14848C4.11592 9 4.54854 9 5.41376 9H10.5862C11.4515 9 11.8841 9 12.2476 9.14848C12.5685 9.27953 12.8498 9.49171 13.0639 9.76423C13.3066 10.073 13.4254 10.489 13.6631 11.3209Z"
                      fill="currentColor"
                      fill-rule="evenodd"
                    />
                  </svg>
                </span>
                <span
                  class="identifier identifierSpan MuiBox-root emotion-4"
                  data-se="identifier"
                >
                  test@okta.com
                </span>
              </div>
            </div>
            <form
              class="o-form"
              data-se="form"
              novalidate=""
            >
              <div
                class="MuiBox-root emotion-10"
              >
                <div
                  class="MuiBox-root emotion-11"
                >
                  <div
                    class="MuiBox-root emotion-12"
                  >
                    <h2
                      class="MuiTypography-root MuiTypography-h3 emotion-13"
                      data-se="o-form-head"
                    >
                      Your verification code
                    </h2>
                  </div>
                </div>
                <div
                  class="MuiBox-root emotion-11"
                >
                  <div
                    class="MuiBox-root emotion-12"
                  >
                    <p
                      class="MuiTypography-root MuiTypography-body1 MuiTypography-paragraph emotion-16"
                      data-se="o-form-explain"
                    >
                      Enter this code on the account unlock page.
                    </p>
                  </div>
                </div>
                <div
                  class="MuiBox-root emotion-11"
                >
                  <div
                    class="MuiBox-root emotion-18"
                  >
                    <h3
                      class="MuiTypography-root MuiTypography-h3 emotion-13"
                    >
                      123456
                    </h3>
                  </div>
                </div>
                <div
                  class="MuiBox-root emotion-11"
                >
                  <div
                    class="MuiBox-root emotion-12"
                  >
                    <p
                      class="MuiTypography-root MuiTypography-body1 MuiTypography-paragraph emotion-16"
                      data-se="o-form-explain"
                    >
                      Request from:
                    </p>
                  </div>
                </div>
                <div
                  class="MuiBox-root emotion-11"
                >
                  <div
                    class="MuiBox-root emotion-24"
                    id="browser"
                  >
                    <div
                      class="MuiBox-root emotion-25"
                    >
                      <mocksvgicon />
                    </div>
                    <div
                      class="MuiBox-root emotion-4"
                    >
                      <span
                        class="ods-4o5zYQ ods-nqMobL ods-5fvoER ods-6BF3N5 ods-7KlglL ods-6MIfC2 ods-14pjkk ods-5IIKpe ods-6iOjmZ"
                      >
                        FIREFOX on iOS
                      </span>
                    </div>
                  </div>
                </div>
                <div
                  class="MuiBox-root emotion-11"
                >
                  <div
                    class="MuiBox-root emotion-24"
                    id="app"
                  >
                    <div
                      class="MuiBox-root emotion-25"
                    >
                      <mocksvgicon />
                    </div>
                    <div
                      class="MuiBox-root emotion-4"
                    >
                      <span
                        class="ods-4o5zYQ ods-nqMobL ods-5fvoER ods-6BF3N5 ods-7KlglL ods-6MIfC2 ods-14pjkk ods-5IIKpe ods-6iOjmZ"
                      >
                        my 3rd magic link spa
                      </span>
                    </div>
                  </div>
                </div>
                <div
                  class="MuiBox-root emotion-11"
                >
                  <div
                    class="MuiBox-root emotion-24"
                    id="location"
                  >
                    <div
                      class="MuiBox-root emotion-25"
                    >
                      <mocksvgicon />
                    </div>
                    <div
                      class="MuiBox-root emotion-4"
                    >
                      <span
                        class="ods-4o5zYQ ods-nqMobL ods-5fvoER ods-6BF3N5 ods-7KlglL ods-6MIfC2 ods-14pjkk ods-5IIKpe ods-6iOjmZ"
                      >
                        Toronto, Ontario, Canada
                      </span>
                    </div>
                  </div>
                </div>
                <div
                  class="MuiBox-root emotion-11"
                >
                  <div
                    class="MuiBox-root emotion-12"
                  >
                    <p
                      class="MuiTypography-root MuiTypography-body1 MuiTypography-paragraph emotion-16"
                      data-se="o-form-explain"
                    >
                      If you didnâ€™t request this code, you can ignore this message. Your account is safe and can only be accessed with this code.
                    </p>
                  </div>
                </div>
              </div>
            </form>
          </div>
          <div
            data-test="sentinelEnd"
            tabindex="0"
          />
        </div>
      </main>
    </span>
  </div>
</div>
`;
