// Jest Snapshot v1, https://goo.gl/fbAQLP

exports[`unlock-account-success renders form 1`] = `
<div>
  <div
    class="MuiScopedCssBaseline-root emotion-0"
  >
    <div
      class="MuiScopedCssBaseline-root emotion-1"
    >
      <main
        class="auth-container main-container MuiBox-root emotion-2"
        data-commit="b9bbc0140703c3fbf0e2e58920362e70"
        data-version="0.0.0"
        dir="ltr"
        id="okta-sign-in"
        lang="en"
      >
        <div
          class="MuiScopedCssBaseline-root emotion-3"
        >
          <div
            class="MuiBox-root emotion-4"
          >
            <div
              class="MuiBox-root emotion-5"
            >
              <div
                class="okta-sign-in-header auth-header MuiBox-root emotion-6"
              >
                <h1
                  class="MuiTypography-root MuiTypography-h1 emotion-7"
                />
              </div>
              <div
                class="MuiBox-root emotion-8"
              >
                <form
                  class="o-form MuiBox-root emotion-9"
                  data-se="o-form"
                  novalidate=""
                >
                  <div
                    class="MuiBox-root emotion-10"
                  >
                    <div
                      class="MuiBox-root emotion-11"
                    >
                      <div
                        class="identifier-container MuiBox-root emotion-12"
                      >
                        <div
                          class="MuiBox-root emotion-13"
                        >
                          <span
                            class="MuiBox-root emotion-14"
                          >
                            <svg
                              class="MuiSvgIcon-root MuiSvgIcon-fontSizeInherit emotion-15"
                              fill="none"
                              focusable="false"
                              role="img"
                              viewBox="0 0 24 24"
                              xmlns="http://www.w3.org/2000/svg"
                            >
                              <path
                                clip-rule="evenodd"
                                d="M15.5 6.5a3.5 3.5 0 1 1-7 0 3.5 3.5 0 0 1 7 0Zm2 0a5.5 5.5 0 1 1-11 0 5.5 5.5 0 0 1 11 0ZM5 23c0-2.357.694-4.363 1.886-5.762C8.064 15.856 9.782 15 12 15c2.215 0 3.934.862 5.113 2.25C18.307 18.652 19 20.66 19 23h2c0-2.722-.807-5.216-2.363-7.046C17.067 14.107 14.785 13 12 13c-2.782 0-5.064 1.097-6.636 2.941C3.806 17.77 3 20.263 3 23h2Z"
                                fill="currentColor"
                                fill-rule="evenodd"
                              />
                              <title>
                                User
                              </title>
                            </svg>
                          </span>
                          <span
                            aria-label="tester@okta1.com"
                            class="identifier no-translate MuiBox-root emotion-16"
                            data-se="identifier"
                            title="tester@okta1.com"
                          >
                            tester@okta1.com
                          </span>
                        </div>
                      </div>
                    </div>
                    <div
                      class="MuiBox-root emotion-11"
                    >
                      <div
                        class="MuiBox-root emotion-18"
                      >
                        <h2
                          class="MuiTypography-root MuiTypography-h4 emotion-19"
                          data-se="o-form-head"
                          tabindex="-1"
                        >
                          Account successfully unlocked!
                        </h2>
                      </div>
                    </div>
                    <div
                      class="MuiBox-root emotion-11"
                    >
                      <div
                        class="MuiBox-root emotion-18"
                      >
                        <p
                          class="MuiTypography-root MuiTypography-body1 MuiTypography-paragraph emotion-22"
                          data-se="o-form-explain"
                        >
                          You can log in using your existing username and password.
                        </p>
                      </div>
                    </div>
                    <div
                      class="MuiBox-root emotion-11"
                    >
                      <button
                        class="MuiTypography-root MuiTypography-body1 MuiLink-root MuiLink-underlineAlways MuiLink-button emotion-24"
                        data-se="cancel"
                        role="link"
                        type="button"
                      >
                        Back to sign in
                      </button>
                    </div>
                  </div>
                </form>
              </div>
            </div>
          </div>
        </div>
      </main>
    </div>
  </div>
</div>
`;
